Component: ARM Compiler 5.06 update 6 (build 750) Tool: armlink [4d35ed]

==============================================================================

Section Cross References

    startup_stm32f10x_hd.o(RESET) refers to startup_stm32f10x_hd.o(STACK) for __initial_sp
    startup_stm32f10x_hd.o(RESET) refers to startup_stm32f10x_hd.o(.text) for Reset_Handler
    startup_stm32f10x_hd.o(RESET) refers to stm32f10x_it.o(i.NMI_Handler) for NMI_Handler
    startup_stm32f10x_hd.o(RESET) refers to stm32f10x_it.o(i.HardFault_Handler) for HardFault_Handler
    startup_stm32f10x_hd.o(RESET) refers to stm32f10x_it.o(i.MemManage_Handler) for MemManage_Handler
    startup_stm32f10x_hd.o(RESET) refers to stm32f10x_it.o(i.BusFault_Handler) for BusFault_Handler
    startup_stm32f10x_hd.o(RESET) refers to stm32f10x_it.o(i.UsageFault_Handler) for UsageFault_Handler
    startup_stm32f10x_hd.o(RESET) refers to stm32f10x_it.o(i.SVC_Handler) for SVC_Handler
    startup_stm32f10x_hd.o(RESET) refers to stm32f10x_it.o(i.DebugMon_Handler) for DebugMon_Handler
    startup_stm32f10x_hd.o(RESET) refers to stm32f10x_it.o(i.PendSV_Handler) for PendSV_Handler
    startup_stm32f10x_hd.o(RESET) refers to stm32f10x_it.o(i.SysTick_Handler) for SysTick_Handler
    startup_stm32f10x_hd.o(RESET) refers to stm32f10x_it.o(i.USART1_IRQHandler) for USART1_IRQHandler
    startup_stm32f10x_hd.o(RESET) refers to stm32f10x_it.o(i.USART2_IRQHandler) for USART2_IRQHandler
    startup_stm32f10x_hd.o(RESET) refers to stm32f10x_it.o(i.TIM6_IRQHandler) for TIM6_IRQHandler
    startup_stm32f10x_hd.o(RESET) refers to stm32f10x_it.o(i.TIM7_IRQHandler) for TIM7_IRQHandler
    startup_stm32f10x_hd.o(.text) refers to system_stm32f10x.o(i.SystemInit) for SystemInit
    startup_stm32f10x_hd.o(.text) refers to entry.o(.ARM.Collect$$$$00000000) for __main
    system_stm32f10x.o(i.SetSysClock) refers to system_stm32f10x.o(i.SetSysClockTo72) for SetSysClockTo72
    system_stm32f10x.o(i.SystemCoreClockUpdate) refers to system_stm32f10x.o(.data) for SystemCoreClock
    system_stm32f10x.o(i.SystemInit) refers to system_stm32f10x.o(i.SetSysClock) for SetSysClock
    stm32f10x_adc.o(i.ADC_DeInit) refers to stm32f10x_rcc.o(i.RCC_APB2PeriphResetCmd) for RCC_APB2PeriphResetCmd
    stm32f10x_bkp.o(i.BKP_DeInit) refers to stm32f10x_rcc.o(i.RCC_BackupResetCmd) for RCC_BackupResetCmd
    stm32f10x_can.o(i.CAN_DeInit) refers to stm32f10x_rcc.o(i.RCC_APB1PeriphResetCmd) for RCC_APB1PeriphResetCmd
    stm32f10x_can.o(i.CAN_GetITStatus) refers to stm32f10x_can.o(i.CheckITStatus) for CheckITStatus
    stm32f10x_cec.o(i.CEC_DeInit) refers to stm32f10x_rcc.o(i.RCC_APB1PeriphResetCmd) for RCC_APB1PeriphResetCmd
    stm32f10x_dac.o(i.DAC_DeInit) refers to stm32f10x_rcc.o(i.RCC_APB1PeriphResetCmd) for RCC_APB1PeriphResetCmd
    stm32f10x_flash.o(i.FLASH_EnableWriteProtection) refers to stm32f10x_flash.o(i.FLASH_WaitForLastOperation) for FLASH_WaitForLastOperation
    stm32f10x_flash.o(i.FLASH_EraseAllBank1Pages) refers to stm32f10x_flash.o(i.FLASH_WaitForLastBank1Operation) for FLASH_WaitForLastBank1Operation
    stm32f10x_flash.o(i.FLASH_EraseAllPages) refers to stm32f10x_flash.o(i.FLASH_WaitForLastOperation) for FLASH_WaitForLastOperation
    stm32f10x_flash.o(i.FLASH_EraseOptionBytes) refers to stm32f10x_flash.o(i.FLASH_GetReadOutProtectionStatus) for FLASH_GetReadOutProtectionStatus
    stm32f10x_flash.o(i.FLASH_EraseOptionBytes) refers to stm32f10x_flash.o(i.FLASH_WaitForLastOperation) for FLASH_WaitForLastOperation
    stm32f10x_flash.o(i.FLASH_ErasePage) refers to stm32f10x_flash.o(i.FLASH_WaitForLastOperation) for FLASH_WaitForLastOperation
    stm32f10x_flash.o(i.FLASH_ProgramHalfWord) refers to stm32f10x_flash.o(i.FLASH_WaitForLastOperation) for FLASH_WaitForLastOperation
    stm32f10x_flash.o(i.FLASH_ProgramOptionByteData) refers to stm32f10x_flash.o(i.FLASH_WaitForLastOperation) for FLASH_WaitForLastOperation
    stm32f10x_flash.o(i.FLASH_ProgramWord) refers to stm32f10x_flash.o(i.FLASH_WaitForLastOperation) for FLASH_WaitForLastOperation
    stm32f10x_flash.o(i.FLASH_ReadOutProtection) refers to stm32f10x_flash.o(i.FLASH_WaitForLastOperation) for FLASH_WaitForLastOperation
    stm32f10x_flash.o(i.FLASH_UserOptionByteConfig) refers to stm32f10x_flash.o(i.FLASH_WaitForLastOperation) for FLASH_WaitForLastOperation
    stm32f10x_flash.o(i.FLASH_WaitForLastBank1Operation) refers to stm32f10x_flash.o(i.FLASH_GetBank1Status) for FLASH_GetBank1Status
    stm32f10x_flash.o(i.FLASH_WaitForLastOperation) refers to stm32f10x_flash.o(i.FLASH_GetBank1Status) for FLASH_GetBank1Status
    stm32f10x_gpio.o(i.GPIO_AFIODeInit) refers to stm32f10x_rcc.o(i.RCC_APB2PeriphResetCmd) for RCC_APB2PeriphResetCmd
    stm32f10x_gpio.o(i.GPIO_DeInit) refers to stm32f10x_rcc.o(i.RCC_APB2PeriphResetCmd) for RCC_APB2PeriphResetCmd
    stm32f10x_i2c.o(i.I2C_DeInit) refers to stm32f10x_rcc.o(i.RCC_APB1PeriphResetCmd) for RCC_APB1PeriphResetCmd
[...]
    Removing stm32f10x_rcc.o(i.RCC_PLLConfig), (28 bytes).
    Removing stm32f10x_rcc.o(i.RCC_RTCCLKCmd), (12 bytes).
    Removing stm32f10x_rcc.o(i.RCC_RTCCLKConfig), (16 bytes).
    Removing stm32f10x_rcc.o(i.RCC_SYSCLKConfig), (24 bytes).
    Removing stm32f10x_rcc.o(i.RCC_USBCLKConfig), (12 bytes).
    Removing stm32f10x_rcc.o(i.RCC_WaitForHSEStartUp), (56 bytes).
    Removing stm32f10x_rtc.o(i.RTC_ClearFlag), (16 bytes).
    Removing stm32f10x_rtc.o(i.RTC_ClearITPendingBit), (16 bytes).
    Removing stm32f10x_rtc.o(i.RTC_EnterConfigMode), (20 bytes).
    Removing stm32f10x_rtc.o(i.RTC_ExitConfigMode), (20 bytes).
    Removing stm32f10x_rtc.o(i.RTC_GetCounter), (20 bytes).
    Removing stm32f10x_rtc.o(i.RTC_GetDivider), (24 bytes).
    Removing stm32f10x_rtc.o(i.RTC_GetFlagStatus), (24 bytes).
    Removing stm32f10x_rtc.o(i.RTC_GetITStatus), (36 bytes).
    Removing stm32f10x_rtc.o(i.RTC_ITConfig), (32 bytes).
    Removing stm32f10x_rtc.o(i.RTC_SetAlarm), (28 bytes).
    Removing stm32f10x_rtc.o(i.RTC_SetCounter), (28 bytes).
    Removing stm32f10x_rtc.o(i.RTC_SetPrescaler), (32 bytes).
    Removing stm32f10x_rtc.o(i.RTC_WaitForLastTask), (20 bytes).
    Removing stm32f10x_rtc.o(i.RTC_WaitForSynchro), (36 bytes).
    Removing stm32f10x_sdio.o(i.SDIO_CEATAITCmd), (16 bytes).
    Removing stm32f10x_sdio.o(i.SDIO_ClearFlag), (12 bytes).
    Removing stm32f10x_sdio.o(i.SDIO_ClearITPendingBit), (12 bytes).
    Removing stm32f10x_sdio.o(i.SDIO_ClockCmd), (12 bytes).
    Removing stm32f10x_sdio.o(i.SDIO_CmdStructInit), (14 bytes).
    Removing stm32f10x_sdio.o(i.SDIO_CommandCompletionCmd), (12 bytes).
    Removing stm32f10x_sdio.o(i.SDIO_DMACmd), (12 bytes).
    Removing stm32f10x_sdio.o(i.SDIO_DataConfig), (48 bytes).
    Removing stm32f10x_sdio.o(i.SDIO_DataStructInit), (20 bytes).
    Removing stm32f10x_sdio.o(i.SDIO_DeInit), (36 bytes).
    Removing stm32f10x_sdio.o(i.SDIO_GetCommandResponse), (12 bytes).
    Removing stm32f10x_sdio.o(i.SDIO_GetDataCounter), (12 bytes).
    Removing stm32f10x_sdio.o(i.SDIO_GetFIFOCount), (12 bytes).
    Removing stm32f10x_sdio.o(i.SDIO_GetFlagStatus), (24 bytes).
    Removing stm32f10x_sdio.o(i.SDIO_GetITStatus), (24 bytes).
    Removing stm32f10x_sdio.o(i.SDIO_GetPowerState), (16 bytes).
    Removing stm32f10x_sdio.o(i.SDIO_GetResponse), (24 bytes).
    Removing stm32f10x_sdio.o(i.SDIO_ITConfig), (32 bytes).
    Removing stm32f10x_sdio.o(i.SDIO_Init), (48 bytes).
    Removing stm32f10x_sdio.o(i.SDIO_ReadData), (12 bytes).
    Removing stm32f10x_sdio.o(i.SDIO_SendCEATACmd), (12 bytes).
    Removing stm32f10x_sdio.o(i.SDIO_SendCommand), (44 bytes).
    Removing stm32f10x_sdio.o(i.SDIO_SendSDIOSuspendCmd), (12 bytes).
    Removing stm32f10x_sdio.o(i.SDIO_SetPowerState), (28 bytes).
    Removing stm32f10x_sdio.o(i.SDIO_SetSDIOOperation), (12 bytes).
    Removing stm32f10x_sdio.o(i.SDIO_SetSDIOReadWaitMode), (12 bytes).
    Removing stm32f10x_sdio.o(i.SDIO_StartSDIOReadWait), (12 bytes).
    Removing stm32f10x_sdio.o(i.SDIO_StopSDIOReadWait), (12 bytes).
    Removing stm32f10x_sdio.o(i.SDIO_StructInit), (16 bytes).
    Removing stm32f10x_sdio.o(i.SDIO_WriteData), (12 bytes).
    Removing stm32f10x_spi.o(i.I2S_Cmd), (24 bytes).
    Removing stm32f10x_spi.o(i.I2S_Init), (232 bytes).
    Removing stm32f10x_spi.o(i.I2S_StructInit), (20 bytes).
    Removing stm32f10x_spi.o(i.SPI_BiDirectionalLineConfig), (28 bytes).
    Removing stm32f10x_spi.o(i.SPI_CalculateCRC), (24 bytes).
    Removing stm32f10x_spi.o(i.SPI_Cmd), (24 bytes).
    Removing stm32f10x_spi.o(i.SPI_DataSizeConfig), (18 bytes).
    Removing stm32f10x_spi.o(i.SPI_GetCRC), (16 bytes).
    Removing stm32f10x_spi.o(i.SPI_GetCRCPolynomial), (6 bytes).
    Removing stm32f10x_spi.o(i.SPI_I2S_ClearFlag), (6 bytes).
    Removing stm32f10x_spi.o(i.SPI_I2S_ClearITPendingBit), (20 bytes).
    Removing stm32f10x_spi.o(i.SPI_I2S_DMACmd), (18 bytes).
    Removing stm32f10x_spi.o(i.SPI_I2S_DeInit), (88 bytes).
    Removing stm32f10x_spi.o(i.SPI_I2S_GetFlagStatus), (18 bytes).
    Removing stm32f10x_spi.o(i.SPI_I2S_GetITStatus), (52 bytes).
    Removing stm32f10x_spi.o(i.SPI_I2S_ITConfig), (32 bytes).
    Removing stm32f10x_spi.o(i.SPI_I2S_ReceiveData), (6 bytes).
    Removing stm32f10x_spi.o(i.SPI_I2S_SendData), (4 bytes).
    Removing stm32f10x_spi.o(i.SPI_Init), (60 bytes).
    Removing stm32f10x_spi.o(i.SPI_NSSInternalSoftwareConfig), (30 bytes).
    Removing stm32f10x_spi.o(i.SPI_SSOutputCmd), (24 bytes).
    Removing stm32f10x_spi.o(i.SPI_StructInit), (24 bytes).
    Removing stm32f10x_spi.o(i.SPI_TransmitCRC), (10 bytes).
    Removing stm32f10x_tim.o(i.TI1_Config), (128 bytes).
    Removing stm32f10x_tim.o(i.TI2_Config), (152 bytes).
    Removing stm32f10x_tim.o(i.TI3_Config), (144 bytes).
    Removing stm32f10x_tim.o(i.TI4_Config), (152 bytes).
    Removing stm32f10x_tim.o(i.TIM_ARRPreloadConfig), (24 bytes).
    Removing stm32f10x_tim.o(i.TIM_BDTRConfig), (32 bytes).
    Removing stm32f10x_tim.o(i.TIM_BDTRStructInit), (18 bytes).
    Removing stm32f10x_tim.o(i.TIM_CCPreloadControl), (24 bytes).
    Removing stm32f10x_tim.o(i.TIM_CCxCmd), (30 bytes).
    Removing stm32f10x_tim.o(i.TIM_CCxNCmd), (30 bytes).
    Removing stm32f10x_tim.o(i.TIM_ClearFlag), (6 bytes).
    Removing stm32f10x_tim.o(i.TIM_ClearITPendingBit), (6 bytes).
    Removing stm32f10x_tim.o(i.TIM_ClearOC1Ref), (18 bytes).
    Removing stm32f10x_tim.o(i.TIM_ClearOC2Ref), (24 bytes).
    Removing stm32f10x_tim.o(i.TIM_ClearOC3Ref), (18 bytes).
    Removing stm32f10x_tim.o(i.TIM_ClearOC4Ref), (24 bytes).
    Removing stm32f10x_tim.o(i.TIM_Cmd), (24 bytes).
    Removing stm32f10x_tim.o(i.TIM_CounterModeConfig), (18 bytes).
    Removing stm32f10x_tim.o(i.TIM_CtrlPWMOutputs), (30 bytes).
    Removing stm32f10x_tim.o(i.TIM_DMACmd), (18 bytes).
    Removing stm32f10x_tim.o(i.TIM_DMAConfig), (10 bytes).
    Removing stm32f10x_tim.o(i.TIM_DeInit), (488 bytes).
    Removing stm32f10x_tim.o(i.TIM_ETRClockMode1Config), (54 bytes).
    Removing stm32f10x_tim.o(i.TIM_ETRClockMode2Config), (32 bytes).
    Removing stm32f10x_tim.o(i.TIM_ETRConfig), (28 bytes).
    Removing stm32f10x_tim.o(i.TIM_EncoderInterfaceConfig), (66 bytes).
    Removing stm32f10x_tim.o(i.TIM_ForcedOC1Config), (18 bytes).
    Removing stm32f10x_tim.o(i.TIM_ForcedOC2Config), (26 bytes).
    Removing stm32f10x_tim.o(i.TIM_ForcedOC3Config), (18 bytes).
    Removing stm32f10x_tim.o(i.TIM_ForcedOC4Config), (26 bytes).
    Removing stm32f10x_tim.o(i.TIM_GenerateEvent), (4 bytes).
    Removing stm32f10x_tim.o(i.TIM_GetCapture1), (6 bytes).
    Removing stm32f10x_tim.o(i.TIM_GetCapture2), (6 bytes).
    Removing stm32f10x_tim.o(i.TIM_GetCapture3), (6 bytes).
    Removing stm32f10x_tim.o(i.TIM_GetCapture4), (8 bytes).
    Removing stm32f10x_tim.o(i.TIM_GetCounter), (6 bytes).
    Removing stm32f10x_tim.o(i.TIM_GetFlagStatus), (18 bytes).
    Removing stm32f10x_tim.o(i.TIM_GetITStatus), (34 bytes).
    Removing stm32f10x_tim.o(i.TIM_GetPrescaler), (6 bytes).
    Removing stm32f10x_tim.o(i.TIM_ICInit), (172 bytes).
    Removing stm32f10x_tim.o(i.TIM_ICStructInit), (18 bytes).
    Removing stm32f10x_tim.o(i.TIM_ITConfig), (18 bytes).
    Removing stm32f10x_tim.o(i.TIM_ITRxExternalClockConfig), (24 bytes).
    Removing stm32f10x_tim.o(i.TIM_InternalClockConfig), (12 bytes).
    Removing stm32f10x_tim.o(i.TIM_OC1FastConfig), (18 bytes).
    Removing stm32f10x_tim.o(i.TIM_OC1Init), (152 bytes).
    Removing stm32f10x_tim.o(i.TIM_OC1NPolarityConfig), (18 bytes).
    Removing stm32f10x_tim.o(i.TIM_OC1PolarityConfig), (18 bytes).
    Removing stm32f10x_tim.o(i.TIM_OC1PreloadConfig), (18 bytes).
    Removing stm32f10x_tim.o(i.TIM_OC2FastConfig), (26 bytes).
    Removing stm32f10x_tim.o(i.TIM_OC2Init), (164 bytes).
    Removing stm32f10x_tim.o(i.TIM_OC2NPolarityConfig), (26 bytes).
    Removing stm32f10x_tim.o(i.TIM_OC2PolarityConfig), (26 bytes).
    Removing stm32f10x_tim.o(i.TIM_OC2PreloadConfig), (26 bytes).
    Removing stm32f10x_tim.o(i.TIM_OC3FastConfig), (18 bytes).
    Removing stm32f10x_tim.o(i.TIM_OC3Init), (160 bytes).
    Removing stm32f10x_tim.o(i.TIM_OC3NPolarityConfig), (26 bytes).
    Removing stm32f10x_tim.o(i.TIM_OC3PolarityConfig), (26 bytes).
    Removing stm32f10x_tim.o(i.TIM_OC3PreloadConfig), (18 bytes).
    Removing stm32f10x_tim.o(i.TIM_OC4FastConfig), (26 bytes).
    Removing stm32f10x_tim.o(i.TIM_OC4Init), (124 bytes).
    Removing stm32f10x_tim.o(i.TIM_OC4PolarityConfig), (26 bytes).
    Removing stm32f10x_tim.o(i.TIM_OC4PreloadConfig), (26 bytes).
    Removing stm32f10x_tim.o(i.TIM_OCStructInit), (20 bytes).
    Removing stm32f10x_tim.o(i.TIM_PWMIConfig), (124 bytes).
    Removing stm32f10x_tim.o(i.TIM_PrescalerConfig), (6 bytes).
    Removing stm32f10x_tim.o(i.TIM_SelectCCDMA), (24 bytes).
    Removing stm32f10x_tim.o(i.TIM_SelectCOM), (24 bytes).
    Removing stm32f10x_tim.o(i.TIM_SelectHallSensor), (24 bytes).
    Removing stm32f10x_tim.o(i.TIM_SelectInputTrigger), (18 bytes).
    Removing stm32f10x_tim.o(i.TIM_SelectMasterSlaveMode), (18 bytes).
    Removing stm32f10x_tim.o(i.TIM_SelectOCxM), (82 bytes).
    Removing stm32f10x_tim.o(i.TIM_SelectOnePulseMode), (18 bytes).
    Removing stm32f10x_tim.o(i.TIM_SelectOutputTrigger), (18 bytes).
    Removing stm32f10x_tim.o(i.TIM_SelectSlaveMode), (18 bytes).
    Removing stm32f10x_tim.o(i.TIM_SetAutoreload), (4 bytes).
    Removing stm32f10x_tim.o(i.TIM_SetClockDivision), (18 bytes).
    Removing stm32f10x_tim.o(i.TIM_SetCompare1), (4 bytes).
    Removing stm32f10x_tim.o(i.TIM_SetCompare2), (4 bytes).
    Removing stm32f10x_tim.o(i.TIM_SetCompare3), (4 bytes).
    Removing stm32f10x_tim.o(i.TIM_SetCompare4), (6 bytes).
    Removing stm32f10x_tim.o(i.TIM_SetCounter), (4 bytes).
    Removing stm32f10x_tim.o(i.TIM_SetIC1Prescaler), (18 bytes).
    Removing stm32f10x_tim.o(i.TIM_SetIC2Prescaler), (26 bytes).
    Removing stm32f10x_tim.o(i.TIM_SetIC3Prescaler), (18 bytes).
    Removing stm32f10x_tim.o(i.TIM_SetIC4Prescaler), (26 bytes).
    Removing stm32f10x_tim.o(i.TIM_TIxExternalClockConfig), (62 bytes).
    Removing stm32f10x_tim.o(i.TIM_TimeBaseInit), (164 bytes).
    Removing stm32f10x_tim.o(i.TIM_TimeBaseStructInit), (18 bytes).
    Removing stm32f10x_tim.o(i.TIM_UpdateDisableConfig), (24 bytes).
    Removing stm32f10x_tim.o(i.TIM_UpdateRequestConfig), (24 bytes).
    Removing stm32f10x_usart.o(i.USART_ClearFlag), (18 bytes).
    Removing stm32f10x_usart.o(i.USART_ClearITPendingBit), (30 bytes).
    Removing stm32f10x_usart.o(i.USART_ClockInit), (34 bytes).
    Removing stm32f10x_usart.o(i.USART_ClockStructInit), (12 bytes).
    Removing stm32f10x_usart.o(i.USART_Cmd), (24 bytes).
    Removing stm32f10x_usart.o(i.USART_DMACmd), (18 bytes).
    Removing stm32f10x_usart.o(i.USART_DeInit), (156 bytes).
    Removing stm32f10x_usart.o(i.USART_GetFlagStatus), (26 bytes).
    Removing stm32f10x_usart.o(i.USART_GetITStatus), (84 bytes).
    Removing stm32f10x_usart.o(i.USART_HalfDuplexCmd), (24 bytes).
    Removing stm32f10x_usart.o(i.USART_ITConfig), (74 bytes).
    Removing stm32f10x_usart.o(i.USART_Init), (216 bytes).
    Removing stm32f10x_usart.o(i.USART_IrDACmd), (24 bytes).
    Removing stm32f10x_usart.o(i.USART_IrDAConfig), (18 bytes).
    Removing stm32f10x_usart.o(i.USART_LINBreakDetectLengthConfig), (18 bytes).
    Removing stm32f10x_usart.o(i.USART_LINCmd), (24 bytes).
    Removing stm32f10x_usart.o(i.USART_OneBitMethodCmd), (24 bytes).
    Removing stm32f10x_usart.o(i.USART_OverSampling8Cmd), (22 bytes).
    Removing stm32f10x_usart.o(i.USART_ReceiveData), (10 bytes).
    Removing stm32f10x_usart.o(i.USART_ReceiverWakeUpCmd), (24 bytes).
    Removing stm32f10x_usart.o(i.USART_SendBreak), (10 bytes).
    Removing stm32f10x_usart.o(i.USART_SendData), (8 bytes).
    Removing stm32f10x_usart.o(i.USART_SetAddress), (18 bytes).
    Removing stm32f10x_usart.o(i.USART_SetGuardTime), (16 bytes).
    Removing stm32f10x_usart.o(i.USART_SetPrescaler), (16 bytes).
    Removing stm32f10x_usart.o(i.USART_SmartCardCmd), (24 bytes).
    Removing stm32f10x_usart.o(i.USART_SmartCardNACKCmd), (24 bytes).
    Removing stm32f10x_usart.o(i.USART_StructInit), (24 bytes).
    Removing stm32f10x_usart.o(i.USART_WakeUpConfig), (18 bytes).
    Removing stm32f10x_wwdg.o(i.WWDG_ClearFlag), (12 bytes).
    Removing stm32f10x_wwdg.o(i.WWDG_DeInit), (22 bytes).
    Removing stm32f10x_wwdg.o(i.WWDG_Enable), (16 bytes).
    Removing stm32f10x_wwdg.o(i.WWDG_EnableIT), (12 bytes).
    Removing stm32f10x_wwdg.o(i.WWDG_GetFlagStatus), (12 bytes).
    Removing stm32f10x_wwdg.o(i.WWDG_SetCounter), (16 bytes).
    Removing stm32f10x_wwdg.o(i.WWDG_SetPrescaler), (24 bytes).
    Removing stm32f10x_wwdg.o(i.WWDG_SetWindowValue), (40 bytes).
    Removing oled.o(i.OLED_OFF), (22 bytes).
    Removing oled.o(i.OLED_ON), (22 bytes).
    Removing systick.o(i.SysTick_DelayUs), (72 bytes).
    Removing mcp4725.o(i.MCP4725_DrawCircle), (152 bytes).
    Removing cdcmple.o(.text), (48 bytes).

461 unused section(s) (total 19124 bytes) removed from the image.

==============================================================================

Image Symbol Table

    Local Symbols

    Symbol Name                              Value     Ov Type        Size  Object(Section)

    ../clib/microlib/errno.c                 0x00000000   Number         0  errno.o ABSOLUTE
    ../clib/microlib/init/entry.s            0x00000000   Number         0  entry11a.o ABSOLUTE
    ../clib/microlib/init/entry.s            0x00000000   Number         0  entry7b.o ABSOLUTE
    ../clib/microlib/init/entry.s            0x00000000   Number         0  entry10a.o ABSOLUTE
    ../clib/microlib/init/entry.s            0x00000000   Number         0  entry9b.o ABSOLUTE
    ../clib/microlib/init/entry.s            0x00000000   Number         0  entry8a.o ABSOLUTE
    ../clib/microlib/init/entry.s            0x00000000   Number         0  entry10b.o ABSOLUTE
    ../clib/microlib/init/entry.s            0x00000000   Number         0  entry5.o ABSOLUTE
    ../clib/microlib/init/entry.s            0x00000000   Number         0  entry8b.o ABSOLUTE
    ../clib/microlib/init/entry.s            0x00000000   Number         0  entry11b.o ABSOLUTE
    ../clib/microlib/init/entry.s            0x00000000   Number         0  entry7a.o ABSOLUTE
    ../clib/microlib/init/entry.s            0x00000000   Number         0  entry9a.o ABSOLUTE
    ../clib/microlib/init/entry.s            0x00000000   Number         0  entry2.o ABSOLUTE
    ../clib/microlib/init/entry.s            0x00000000   Number         0  entry.o ABSOLUTE
    ../clib/microlib/longlong.c              0x00000000   Number         0  llsshr.o ABSOLUTE
    ../clib/microlib/longlong.c              0x00000000   Number         0  llushr.o ABSOLUTE
    ../clib/microlib/longlong.c              0x00000000   Number         0  llshl.o ABSOLUTE
    ../clib/microlib/string/memcpy.c         0x00000000   Number         0  memcpya.o ABSOLUTE
    ../clib/microlib/string/memcpy.c         0x00000000   Number         0  memcpyb.o ABSOLUTE
    ../clib/microlib/stubs.s                 0x00000000   Number         0  iusefp.o ABSOLUTE
    ../fplib/microlib/d2f.c                  0x00000000   Number         0  d2f.o ABSOLUTE
    ../fplib/microlib/f2d.c                  0x00000000   Number         0  f2d.o ABSOLUTE
    ../fplib/microlib/fpadd.c                0x00000000   Number         0  fadd.o ABSOLUTE
    ../fplib/microlib/fpadd.c                0x00000000   Number         0  dadd.o ABSOLUTE
    ../fplib/microlib/fpdiv.c                0x00000000   Number         0  fdiv.o ABSOLUTE
    ../fplib/microlib/fpdiv.c                0x00000000   Number         0  ddiv.o ABSOLUTE
    ../fplib/microlib/fpepilogue.c           0x00000000   Number         0  depilogue.o ABSOLUTE
    ../fplib/microlib/fpepilogue.c           0x00000000   Number         0  fepilogue.o ABSOLUTE
    ../fplib/microlib/fpfix.c                0x00000000   Number         0  ffixui.o ABSOLUTE
    ../fplib/microlib/fpfix.c                0x00000000   Number         0  dfixui.o ABSOLUTE
    ../fplib/microlib/fpflt.c                0x00000000   Number         0  dflti.o ABSOLUTE
    ../fplib/microlib/fpflt.c                0x00000000   Number         0  dfltui.o ABSOLUTE
    ../fplib/microlib/fpflt.c                0x00000000   Number         0  ffltui.o ABSOLUTE
    ../fplib/microlib/fpmul.c                0x00000000   Number         0  dmul.o ABSOLUTE
    ../fplib/microlib/fpmul.c                0x00000000   Number         0  fmul.o ABSOLUTE
    ../fplib/microlib/fpscalb.c              0x00000000   Number         0  dscalb.o ABSOLUTE
    ../fplib/microlib/fpsqrt.c               0x00000000   Number         0  dsqrt.o ABSOLUTE
    ../mathlib/dunder.c                      0x00000000   Number         0  dunder.o ABSOLUTE
    ../mathlib/fpclassify.c                  0x00000000   Number         0  fpclassify.o ABSOLUTE
    ../mathlib/poly.c                        0x00000000   Number         0  poly.o ABSOLUTE
    ../mathlib/pow.c                         0x00000000   Number         0  pow.o ABSOLUTE
    ../mathlib/pow.c                         0x00000000   Number         0  pow_x.o ABSOLUTE
    ../mathlib/qnan.c                        0x00000000   Number         0  qnan.o ABSOLUTE
    ../mathlib/sqrt.c                        0x00000000   Number         0  sqrt_x.o ABSOLUTE
    ../mathlib/sqrt.c                        0x00000000   Number         0  sqrt.o ABSOLUTE
    ..\Libraries\CMSIS\core_cm3.c            0x00000000   Number         0  core_cm3.o ABSOLUTE
    ..\Libraries\CMSIS\startup\startup_stm32f10x_hd.s 0x00000000   Number         0  startup_stm32f10x_hd.o ABSOLUTE
    ..\Libraries\CMSIS\system_stm32f10x.c    0x00000000   Number         0  system_stm32f10x.o ABSOLUTE
    ..\Libraries\FWlib\src\misc.c            0x00000000   Number         0  misc.o ABSOLUTE
    ..\Libraries\FWlib\src\stm32f10x_adc.c   0x00000000   Number         0  stm32f10x_adc.o ABSOLUTE
    ..\Libraries\FWlib\src\stm32f10x_bkp.c   0x00000000   Number         0  stm32f10x_bkp.o ABSOLUTE
    ..\Libraries\FWlib\src\stm32f10x_can.c   0x00000000   Number         0  stm32f10x_can.o ABSOLUTE
    ..\Libraries\FWlib\src\stm32f10x_cec.c   0x00000000   Number         0  stm32f10x_cec.o ABSOLUTE
    ..\Libraries\FWlib\src\stm32f10x_crc.c   0x00000000   Number         0  stm32f10x_crc.o ABSOLUTE
    ..\Libraries\FWlib\src\stm32f10x_dac.c   0x00000000   Number         0  stm32f10x_dac.o ABSOLUTE
    ..\Libraries\FWlib\src\stm32f10x_dbgmcu.c 0x00000000   Number         0  stm32f10x_dbgmcu.o ABSOLUTE
    ..\Libraries\FWlib\src\stm32f10x_dma.c   0x00000000   Number         0  stm32f10x_dma.o ABSOLUTE
    ..\Libraries\FWlib\src\stm32f10x_exti.c  0x00000000   Number         0  stm32f10x_exti.o ABSOLUTE
    ..\Libraries\FWlib\src\stm32f10x_flash.c 0x00000000   Number         0  stm32f10x_flash.o ABSOLUTE
    ..\Libraries\FWlib\src\stm32f10x_fsmc.c  0x00000000   Number         0  stm32f10x_fsmc.o ABSOLUTE
    ..\Libraries\FWlib\src\stm32f10x_gpio.c  0x00000000   Number         0  stm32f10x_gpio.o ABSOLUTE
    ..\Libraries\FWlib\src\stm32f10x_i2c.c   0x00000000   Number         0  stm32f10x_i2c.o ABSOLUTE
    ..\Libraries\FWlib\src\stm32f10x_iwdg.c  0x00000000   Number         0  stm32f10x_iwdg.o ABSOLUTE
    ..\Libraries\FWlib\src\stm32f10x_pwr.c   0x00000000   Number         0  stm32f10x_pwr.o ABSOLUTE
    ..\Libraries\FWlib\src\stm32f10x_rcc.c   0x00000000   Number         0  stm32f10x_rcc.o ABSOLUTE
    ..\Libraries\FWlib\src\stm32f10x_rtc.c   0x00000000   Number         0  stm32f10x_rtc.o ABSOLUTE
    ..\Libraries\FWlib\src\stm32f10x_sdio.c  0x00000000   Number         0  stm32f10x_sdio.o ABSOLUTE
    ..\Libraries\FWlib\src\stm32f10x_spi.c   0x00000000   Number         0  stm32f10x_spi.o ABSOLUTE
    ..\Libraries\FWlib\src\stm32f10x_tim.c   0x00000000   Number         0  stm32f10x_tim.o ABSOLUTE
    ..\Libraries\FWlib\src\stm32f10x_usart.c 0x00000000   Number         0  stm32f10x_usart.o ABSOLUTE
    ..\Libraries\FWlib\src\stm32f10x_wwdg.c  0x00000000   Number         0  stm32f10x_wwdg.o ABSOLUTE
    ..\User\AD9834\ad9834.c                  0x00000000   Number         0  ad9834.o ABSOLUTE
    ..\User\EEPROM\eeprom.c                  0x00000000   Number         0  eeprom.o ABSOLUTE
    ..\User\KeyBoard\keyboard.c              0x00000000   Number         0  keyboard.o ABSOLUTE
    ..\User\MCP4725\mcp4725.c                0x00000000   Number         0  mcp4725.o ABSOLUTE
    ..\User\MyMath\mymath.c                  0x00000000   Number         0  mymath.o ABSOLUTE
    ..\User\OLED\oled.c                      0x00000000   Number         0  oled.o ABSOLUTE
    ..\User\Relay\relay.c                    0x00000000   Number         0  relay.o ABSOLUTE
    ..\User\SysTick\systick.c                0x00000000   Number         0  systick.o ABSOLUTE
    ..\User\Wave\wave.c                      0x00000000   Number         0  wave.o ABSOLUTE
    ..\User\main.c                           0x00000000   Number         0  main.o ABSOLUTE
    ..\User\stm32f10x_it.c                   0x00000000   Number         0  stm32f10x_it.o ABSOLUTE
    ..\\Libraries\\CMSIS\\core_cm3.c         0x00000000   Number         0  core_cm3.o ABSOLUTE
    cdcmple.s                                0x00000000   Number         0  cdcmple.o ABSOLUTE
    cdrcmple.s                               0x00000000   Number         0  cdrcmple.o ABSOLUTE
    dc.s                                     0x00000000   Number         0  dc.o ABSOLUTE
    handlers.s                               0x00000000   Number         0  handlers.o ABSOLUTE
    init.s                                   0x00000000   Number         0  init.o ABSOLUTE
    RESET                                    0x08000000   Section      304  startup_stm32f10x_hd.o(RESET)
    .ARM.Collect$$$$00000000                 0x08000130   Section        0  entry.o(.ARM.Collect$$$$00000000)
    .ARM.Collect$$$$00000001                 0x08000130   Section        4  entry2.o(.ARM.Collect$$$$00000001)
    .ARM.Collect$$$$00000004                 0x08000134   Section        4  entry5.o(.ARM.Collect$$$$00000004)
    .ARM.Collect$$$$00000008                 0x08000138   Section        0  entry7b.o(.ARM.Collect$$$$00000008)
    .ARM.Collect$$$$0000000A                 0x08000138   Section        0  entry8b.o(.ARM.Collect$$$$0000000A)
    .ARM.Collect$$$$0000000B                 0x08000138   Section        8  entry9a.o(.ARM.Collect$$$$0000000B)
    .ARM.Collect$$$$0000000D                 0x08000140   Section        0  entry10a.o(.ARM.Collect$$$$0000000D)
    .ARM.Collect$$$$0000000F                 0x08000140   Section        0  entry11a.o(.ARM.Collect$$$$0000000F)
    .ARM.Collect$$$$00002712                 0x08000140   Section        4  entry2.o(.ARM.Collect$$$$00002712)
    __lit__00000000                          0x08000140   Data           4  entry2.o(.ARM.Collect$$$$00002712)
    .text                                    0x08000144   Section       36  startup_stm32f10x_hd.o(.text)
    .text                                    0x08000168   Section        0  memcpya.o(.text)
    .text                                    0x0800018c   Section        0  fadd.o(.text)
    .text                                    0x0800023c   Section        0  fmul.o(.text)
    .text                                    0x080002a0   Section        0  fdiv.o(.text)
    .text                                    0x0800031c   Section        0  dadd.o(.text)
    .text                                    0x0800046a   Section        0  dmul.o(.text)
    .text                                    0x0800054e   Section        0  ffltui.o(.text)
    .text                                    0x08000558   Section        0  dflti.o(.text)
    .text                                    0x0800057a   Section        0  dfltui.o(.text)
    .text                                    0x08000594   Section        0  ffixui.o(.text)
    .text                                    0x080005bc   Section        0  dfixui.o(.text)
    .text                                    0x080005ee   Section        0  f2d.o(.text)
    .text                                    0x08000614   Section        0  d2f.o(.text)
    .text                                    0x0800064c   Section        0  llshl.o(.text)
    .text                                    0x0800066a   Section        0  llushr.o(.text)
    .text                                    0x0800068a   Section        0  llsshr.o(.text)
    .text                                    0x080006ae   Section        0  fepilogue.o(.text)
    .text                                    0x080006ae   Section        0  iusefp.o(.text)
    .text                                    0x0800071c   Section        0  depilogue.o(.text)
    .text                                    0x080007d6   Section        0  ddiv.o(.text)
    .text                                    0x080008b4   Section        0  dscalb.o(.text)
    .text                                    0x080008e2   Section        0  dsqrt.o(.text)
    .text                                    0x08000984   Section       48  cdrcmple.o(.text)
    .text                                    0x080009b4   Section       36  init.o(.text)
    i.AD9834_Init                            0x080009d8   Section        0  ad9834.o(i.AD9834_Init)
    i.AD9834_SelectWave                      0x08000a08   Section        0  ad9834.o(i.AD9834_SelectWave)
    i.AD9834_SetFreq                         0x08000a40   Section        0  ad9834.o(i.AD9834_SetFreq)
    i.AD9834_SetFreqN                        0x08000a50   Section        0  ad9834.o(i.AD9834_SetFreqN)
    AD9834_SetFreqN                          0x08000a51   Thumb Code    92  ad9834.o(i.AD9834_SetFreqN)
    i.AD9834_Write16Bits                     0x08000ab4   Section        0  ad9834.o(i.AD9834_Write16Bits)
    AD9834_Write16Bits                       0x08000ab5   Thumb Code    92  ad9834.o(i.AD9834_Write16Bits)
    i.AddSpecToStore                         0x08000b14   Section        0  wave.o(i.AddSpecToStore)
    i.AddWaveToStore                         0x08000b34   Section        0  wave.o(i.AddWaveToStore)
    i.All_Init                               0x08000b54   Section        0  wave.o(i.All_Init)
    i.All_Update                             0x08000b90   Section        0  wave.o(i.All_Update)
    i.BusFault_Handler                       0x08000bf0   Section        0  stm32f10x_it.o(i.BusFault_Handler)
    i.DAC0832_SetPKPK                        0x08000bf4   Section        0  wave.o(i.DAC0832_SetPKPK)
    i.DebugMon_Handler                       0x08000bf6   Section        0  stm32f10x_it.o(i.DebugMon_Handler)
    i.DisplayMarkUpdate                      0x08000bf8   Section        0  wave.o(i.DisplayMarkUpdate)
    i.Display_Update                         0x08000c38   Section        0  wave.o(i.Display_Update)
    i.EEPROMToWave                           0x08000ca8   Section        0  wave.o(i.EEPROMToWave)
    i.EEPROM_Download                        0x08000d10   Section        0  eeprom.o(i.EEPROM_Download)
    i.EEPROM_Init                            0x08000d2c   Section        0  eeprom.o(i.EEPROM_Init)
    i.EEPROM_ReadBuffer                      0x08000d40   Section        0  eeprom.o(i.EEPROM_ReadBuffer)
    EEPROM_ReadBuffer                        0x08000d41   Thumb Code   454  eeprom.o(i.EEPROM_ReadBuffer)
    i.EEPROM_Upload                          0x08000f18   Section        0  eeprom.o(i.EEPROM_Upload)
    i.EEPROM_WaitEepromStandbyState          0x08000f34   Section        0  eeprom.o(i.EEPROM_WaitEepromStandbyState)
    EEPROM_WaitEepromStandbyState            0x08000f35   Thumb Code   104  eeprom.o(i.EEPROM_WaitEepromStandbyState)
    i.EEPROM_WriteBuffer                     0x08000fa8   Section        0  eeprom.o(i.EEPROM_WriteBuffer)
    EEPROM_WriteBuffer                       0x08000fa9   Thumb Code   298  eeprom.o(i.EEPROM_WriteBuffer)
    i.EEPROM_WritePage                       0x080010d4   Section        0  eeprom.o(i.EEPROM_WritePage)
    EEPROM_WritePage                         0x080010d5   Thumb Code   314  eeprom.o(i.EEPROM_WritePage)
    i.Form_Last                              0x08001220   Section        0  wave.o(i.Form_Last)
    i.Form_Next                              0x0800124a   Section        0  wave.o(i.Form_Next)
    i.GPIO_Config                            0x08001274   Section        0  oled.o(i.GPIO_Config)
    GPIO_Config                              0x08001275   Thumb Code    52  oled.o(i.GPIO_Config)
    i.GPIO_Config                            0x080012ac   Section        0  eeprom.o(i.GPIO_Config)
    GPIO_Config                              0x080012ad   Thumb Code    52  eeprom.o(i.GPIO_Config)
    i.GPIO_Config                            0x080012e4   Section        0  mcp4725.o(i.GPIO_Config)
    GPIO_Config                              0x080012e5   Thumb Code    52  mcp4725.o(i.GPIO_Config)
    i.GPIO_Config                            0x0800131c   Section        0  ad9834.o(i.GPIO_Config)
    GPIO_Config                              0x0800131d   Thumb Code   106  ad9834.o(i.GPIO_Config)
    i.GPIO_Init                              0x0800138c   Section        0  stm32f10x_gpio.o(i.GPIO_Init)
    i.GPIO_ReadInputDataBit                  0x080014a2   Section        0  stm32f10x_gpio.o(i.GPIO_ReadInputDataBit)
    i.GPIO_ResetBits                         0x080014b4   Section        0  stm32f10x_gpio.o(i.GPIO_ResetBits)
    i.GPIO_SetBits                           0x080014b8   Section        0  stm32f10x_gpio.o(i.GPIO_SetBits)
    i.GotoWaveStore                          0x080014bc   Section        0  wave.o(i.GotoWaveStore)
    i.HardFault_Handler                      0x0800156c   Section        0  stm32f10x_it.o(i.HardFault_Handler)
    i.I2C_AcknowledgeConfig                  0x08001570   Section        0  stm32f10x_i2c.o(i.I2C_AcknowledgeConfig)
    i.I2C_CheckEvent                         0x08001588   Section        0  stm32f10x_i2c.o(i.I2C_CheckEvent)
    i.I2C_ClearFlag                          0x080015b2   Section        0  stm32f10x_i2c.o(i.I2C_ClearFlag)
    i.I2C_Cmd                                0x080015be   Section        0  stm32f10x_i2c.o(i.I2C_Cmd)
    i.I2C_Config                             0x080015d8   Section        0  oled.o(i.I2C_Config)
    I2C_Config                               0x080015d9   Thumb Code    66  oled.o(i.I2C_Config)
    i.I2C_Config                             0x08001624   Section        0  eeprom.o(i.I2C_Config)
    I2C_Config                               0x08001625   Thumb Code    66  eeprom.o(i.I2C_Config)
    i.I2C_Config                             0x08001670   Section        0  mcp4725.o(i.I2C_Config)
    I2C_Config                               0x08001671   Thumb Code    66  mcp4725.o(i.I2C_Config)
    i.I2C_GenerateSTART                      0x080016bc   Section        0  stm32f10x_i2c.o(i.I2C_GenerateSTART)
    i.I2C_GenerateSTOP                       0x080016d4   Section        0  stm32f10x_i2c.o(i.I2C_GenerateSTOP)
    i.I2C_GetFlagStatus                      0x080016ec   Section        0  stm32f10x_i2c.o(i.I2C_GetFlagStatus)
    i.I2C_Init                               0x08001728   Section        0  stm32f10x_i2c.o(i.I2C_Init)
    i.I2C_ReadRegister                       0x08001814   Section        0  stm32f10x_i2c.o(i.I2C_ReadRegister)
    i.I2C_ReceiveData                        0x0800182a   Section        0  stm32f10x_i2c.o(i.I2C_ReceiveData)
    i.I2C_Send7bitAddress                    0x08001832   Section        0  stm32f10x_i2c.o(i.I2C_Send7bitAddress)
    i.I2C_SendData                           0x08001844   Section        0  stm32f10x_i2c.o(i.I2C_SendData)
    i.InputFreq                              0x08001848   Section        0  wave.o(i.InputFreq)
    i.InputPkPk                              0x08001938   Section        0  wave.o(i.InputPkPk)
    i.Juchi                                  0x08001a28   Section        0  main.o(i.Juchi)
    i.KeyBoard_Init                          0x08001a40   Section        0  keyboard.o(i.KeyBoard_Init)
    i.KeyBoard_Scan                          0x08001a58   Section        0  keyboard.o(i.KeyBoard_Scan)
    i.KeyBoard_Value                         0x08001a84   Section        0  keyboard.o(i.KeyBoard_Value)
    i.KeyFunc_Init                           0x08001bc4   Section        0  main.o(i.KeyFunc_Init)
    i.LongToString                           0x08001bf0   Section        0  mymath.o(i.LongToString)
    i.M                                      0x08001c4c   Section        0  main.o(i.M)
    i.MCP4725_DrawHeart                      0x08001d30   Section        0  main.o(i.MCP4725_DrawHeart)
    i.MCP4725_DrawHeartDown                  0x08001d80   Section        0  main.o(i.MCP4725_DrawHeartDown)
    MCP4725_DrawHeartDown                    0x08001d81   Thumb Code   136  main.o(i.MCP4725_DrawHeartDown)
    i.MCP4725_DrawHeartUp                    0x08001e18   Section        0  main.o(i.MCP4725_DrawHeartUp)
    MCP4725_DrawHeartUp                      0x08001e19   Thumb Code   152  main.o(i.MCP4725_DrawHeartUp)
    i.MCP4725_Init                           0x08001ebc   Section        0  mcp4725.o(i.MCP4725_Init)
    i.MCP4725_None                           0x08001ec8   Section        0  mcp4725.o(i.MCP4725_None)
    i.MCP4725_WriteDigital                   0x08001ecc   Section        0  mcp4725.o(i.MCP4725_WriteDigital)
    i.MemManage_Handler                      0x08002020   Section        0  stm32f10x_it.o(i.MemManage_Handler)
    i.NMI_Handler                            0x08002024   Section        0  stm32f10x_it.o(i.NMI_Handler)
    i.OLED_Cls                               0x08002026   Section        0  oled.o(i.OLED_Cls)
    i.OLED_Fill                              0x08002030   Section        0  oled.o(i.OLED_Fill)
    OLED_Fill                                0x08002031   Thumb Code    58  oled.o(i.OLED_Fill)
    i.OLED_Init                              0x0800206a   Section        0  oled.o(i.OLED_Init)
    i.OLED_SetPos                            0x0800212a   Section        0  oled.o(i.OLED_SetPos)
    OLED_SetPos                              0x0800212b   Thumb Code    40  oled.o(i.OLED_SetPos)
    i.OLED_ShowChar                          0x08002154   Section        0  oled.o(i.OLED_ShowChar)
    i.OLED_ShowString                        0x0800219c   Section        0  oled.o(i.OLED_ShowString)
    i.OLED_WriteByte                         0x080021c4   Section        0  oled.o(i.OLED_WriteByte)
    OLED_WriteByte                           0x080021c5   Thumb Code   318  oled.o(i.OLED_WriteByte)
    i.OLED_WriteCmd                          0x08002314   Section        0  oled.o(i.OLED_WriteCmd)
    OLED_WriteCmd                            0x08002315   Thumb Code    14  oled.o(i.OLED_WriteCmd)
    i.OLED_WriteDat                          0x08002322   Section        0  oled.o(i.OLED_WriteDat)
    OLED_WriteDat                            0x08002323   Thumb Code    14  oled.o(i.OLED_WriteDat)
    i.Para_Init                              0x08002330   Section        0  main.o(i.Para_Init)
    i.PendSV_Handler                         0x08002498   Section        0  stm32f10x_it.o(i.PendSV_Handler)
    i.PkPk_Update                            0x0800249c   Section        0  wave.o(i.PkPk_Update)
    i.RCC_APB1PeriphClockCmd                 0x0800250c   Section        0  stm32f10x_rcc.o(i.RCC_APB1PeriphClockCmd)
    i.RCC_APB2PeriphClockCmd                 0x0800252c   Section        0  stm32f10x_rcc.o(i.RCC_APB2PeriphClockCmd)
    i.RCC_GetClocksFreq                      0x0800254c   Section        0  stm32f10x_rcc.o(i.RCC_GetClocksFreq)
    i.Relay_Init                             0x08002620   Section        0  relay.o(i.Relay_Init)
    i.Relay_SelectWave                       0x08002650   Section        0  relay.o(i.Relay_SelectWave)
    i.SVC_Handler                            0x08002680   Section        0  stm32f10x_it.o(i.SVC_Handler)
    i.SectionToDisplay                       0x08002682   Section        0  wave.o(i.SectionToDisplay)
    i.SelectSpecFromStore                    0x08002688   Section        0  wave.o(i.SelectSpecFromStore)
    i.SetSysClock                            0x080026ce   Section        0  system_stm32f10x.o(i.SetSysClock)
    SetSysClock                              0x080026cf   Thumb Code     8  system_stm32f10x.o(i.SetSysClock)
    i.SetSysClockTo72                        0x080026d8   Section        0  system_stm32f10x.o(i.SetSysClockTo72)
    SetSysClockTo72                          0x080026d9   Thumb Code   214  system_stm32f10x.o(i.SetSysClockTo72)
    i.Shanpo                                 0x080027b8   Section        0  main.o(i.Shanpo)
    i.SpecTime                               0x08002840   Section        0  wave.o(i.SpecTime)
    i.SpecToDisplay                          0x08002858   Section        0  wave.o(i.SpecToDisplay)
    i.StringToString6                        0x08002860   Section        0  mymath.o(i.StringToString6)
    i.SysTick_Config                         0x0800288c   Section        0  systick.o(i.SysTick_Config)
    SysTick_Config                           0x0800288d   Thumb Code    76  systick.o(i.SysTick_Config)
    i.SysTick_DelayMs                        0x080028e0   Section        0  systick.o(i.SysTick_DelayMs)
    i.SysTick_Handler                        0x08002928   Section        0  stm32f10x_it.o(i.SysTick_Handler)
    i.SysTick_Init                           0x0800292c   Section        0  systick.o(i.SysTick_Init)
    i.SystemInit                             0x08002950   Section        0  system_stm32f10x.o(i.SystemInit)
    i.TIM6_IRQHandler                        0x080029b0   Section        0  stm32f10x_it.o(i.TIM6_IRQHandler)
    i.TIM7_IRQHandler                        0x080029b2   Section        0  stm32f10x_it.o(i.TIM7_IRQHandler)
    i.U32ToString                            0x080029b4   Section        0  mymath.o(i.U32ToString)
    i.U8ArrayToUi32                          0x08002a0c   Section        0  mymath.o(i.U8ArrayToUi32)
    i.U8ArrayToUl64                          0x08002a34   Section        0  mymath.o(i.U8ArrayToUl64)
    i.USART1_IRQHandler                      0x08002a5c   Section        0  stm32f10x_it.o(i.USART1_IRQHandler)
    i.USART2_IRQHandler                      0x08002a5e   Section        0  stm32f10x_it.o(i.USART2_IRQHandler)
    i.Ui32ToU8Array                          0x08002a60   Section        0  mymath.o(i.Ui32ToU8Array)
    i.Ul64ToU8Array                          0x08002a8c   Section        0  mymath.o(i.Ul64ToU8Array)
    i.UsageFault_Handler                     0x08002ab8   Section        0  stm32f10x_it.o(i.UsageFault_Handler)
    i.WaveToDisPlay                          0x08002abc   Section        0  wave.o(i.WaveToDisPlay)
    i.WaveToEEPROM                           0x08002aec   Section        0  wave.o(i.WaveToEEPROM)
    i.Wave_Update                            0x08002b5c   Section        0  wave.o(i.Wave_Update)
    i.WaveformToString                       0x08002b78   Section        0  wave.o(i.WaveformToString)
    i.Xing                                   0x08002ba8   Section        0  main.o(i.Xing)
    i.Xingyo                                 0x08002cc0   Section        0  main.o(i.Xingyo)
    i.__ARM_fpclassify                       0x08002ddc   Section        0  fpclassify.o(i.__ARM_fpclassify)
    i.__kernel_poly                          0x08002e04   Section        0  poly.o(i.__kernel_poly)
    i.__mathlib_dbl_divzero                  0x08002eb0   Section        0  dunder.o(i.__mathlib_dbl_divzero)
    i.__mathlib_dbl_infnan2                  0x08002ec0   Section        0  dunder.o(i.__mathlib_dbl_infnan2)
    i.__mathlib_dbl_invalid                  0x08002ec4   Section        0  dunder.o(i.__mathlib_dbl_invalid)
    i.__mathlib_dbl_overflow                 0x08002ed0   Section        0  dunder.o(i.__mathlib_dbl_overflow)
    i.__mathlib_dbl_underflow                0x08002ee0   Section        0  dunder.o(i.__mathlib_dbl_underflow)
    i.__scatterload_copy                     0x08002ef0   Section       14  handlers.o(i.__scatterload_copy)
    i.__scatterload_null                     0x08002efe   Section        2  handlers.o(i.__scatterload_null)
    i.__scatterload_zeroinit                 0x08002f00   Section       14  handlers.o(i.__scatterload_zeroinit)
    i.__set_errno                            0x08002f10   Section        0  errno.o(i.__set_errno)
    i.main                                   0x08002f1c   Section        0  main.o(i.main)
    i.pow                                    0x080031bc   Section        0  pow.o(i.pow)
    i.sqrt                                   0x08003b94   Section        0  sqrt.o(i.sqrt)
    .constdata                               0x08003be0   Section      552  oled.o(.constdata)
    .constdata                               0x08003e08   Section      136  pow.o(.constdata)
    bp                                       0x08003e08   Data          16  pow.o(.constdata)
    dp_h                                     0x08003e18   Data          16  pow.o(.constdata)
    dp_l                                     0x08003e28   Data          16  pow.o(.constdata)
    L                                        0x08003e38   Data          48  pow.o(.constdata)
    P                                        0x08003e68   Data          40  pow.o(.constdata)
    .constdata                               0x08003e90   Section        8  qnan.o(.constdata)
    .conststring                             0x08003e98   Section       33  wave.o(.conststring)
    .data                                    0x20000000   Section       20  system_stm32f10x.o(.data)
    .data                                    0x20000014   Section       20  stm32f10x_rcc.o(.data)
    APBAHBPrescTable                         0x20000014   Data          16  stm32f10x_rcc.o(.data)
    ADCPrescTable                            0x20000024   Data           4  stm32f10x_rcc.o(.data)
    .data                                    0x20000028   Section        2  oled.o(.data)
    I2C_TIME                                 0x20000028   Data           2  oled.o(.data)
    .data                                    0x2000002a   Section        2  eeprom.o(.data)
    I2C_TIME                                 0x2000002a   Data           2  eeprom.o(.data)
    .data                                    0x2000002c   Section        2  mcp4725.o(.data)
    I2C_TIME                                 0x2000002c   Data           2  mcp4725.o(.data)
    .data                                    0x20000030   Section       65  keyboard.o(.data)
    KeyBoard_ROW_PORTS                       0x20000030   Data          16  keyboard.o(.data)
    KeyBoard_COL_PORTS                       0x20000040   Data          16  keyboard.o(.data)
    KeyBoard_ROW_PINS                        0x20000050   Data           8  keyboard.o(.data)
    KeyBoard_COL_PINS                        0x20000058   Data           8  keyboard.o(.data)
    keyBoard_Map                             0x20000060   Data          16  keyboard.o(.data)
    last_value                               0x20000070   Data           1  keyboard.o(.data)
    .data                                    0x20000074   Section       16  wave.o(.data)
    triangleString                           0x20000078   Data           4  wave.o(.data)
    sineString                               0x2000007c   Data           4  wave.o(.data)
    sqrareString                             0x20000080   Data           4  wave.o(.data)
    .data                                    0x20000084   Section        4  errno.o(.data)
    _errno                                   0x20000084   Data           4  errno.o(.data)
    .bss                                     0x20000088   Section      256  eeprom.o(.bss)
    .bss                                     0x20000188   Section       33  mymath.o(.bss)
    temString                                0x20000188   Data          11  mymath.o(.bss)
    temString                                0x20000193   Data          22  mymath.o(.bss)
    .bss                                     0x200001ac   Section      334  wave.o(.bss)
    STACK                                    0x20000300   Section     1024  startup_stm32f10x_hd.o(STACK)

    Global Symbols

    Symbol Name                              Value     Ov Type        Size  Object(Section)

    BuildAttributes$$THM_ISAv4$P$D$K$B$S$PE$A:L22UL41UL21$X:L11$S22US41US21$IEEE1$IW$USESV6$~STKCKD$USESV7$~SHL$OTIME$ROPI$IEEEX$EBA8$MICROLIB$REQ8$PRES8$EABIv2 0x00000000   Number         0  anon$$obj.o ABSOLUTE
    __ARM_use_no_argv                        0x00000000   Number         0  main.o ABSOLUTE
    __cpp_initialize__aeabi_                  - Undefined Weak Reference
    __cxa_finalize                            - Undefined Weak Reference
    __decompress                              - Undefined Weak Reference
    _clock_init                               - Undefined Weak Reference
    _microlib_exit                            - Undefined Weak Reference
    __Vectors_Size                           0x00000130   Number         0  startup_stm32f10x_hd.o ABSOLUTE
    __Vectors                                0x08000000   Data           4  startup_stm32f10x_hd.o(RESET)
    __Vectors_End                            0x08000130   Data           0  startup_stm32f10x_hd.o(RESET)
    __main                                   0x08000131   Thumb Code     0  entry.o(.ARM.Collect$$$$00000000)
    _main_stk                                0x08000131   Thumb Code     0  entry2.o(.ARM.Collect$$$$00000001)
    _main_scatterload                        0x08000135   Thumb Code     0  entry5.o(.ARM.Collect$$$$00000004)
    __main_after_scatterload                 0x08000139   Thumb Code     0  entry5.o(.ARM.Collect$$$$00000004)
    _main_clock                              0x08000139   Thumb Code     0  entry7b.o(.ARM.Collect$$$$00000008)
    _main_cpp_init                           0x08000139   Thumb Code     0  entry8b.o(.ARM.Collect$$$$0000000A)
    _main_init                               0x08000139   Thumb Code     0  entry9a.o(.ARM.Collect$$$$0000000B)
    __rt_final_cpp                           0x08000141   Thumb Code     0  entry10a.o(.ARM.Collect$$$$0000000D)
    __rt_final_exit                          0x08000141   Thumb Code     0  entry11a.o(.ARM.Collect$$$$0000000F)
    Reset_Handler                            0x08000145   Thumb Code     8  startup_stm32f10x_hd.o(.text)
    ADC1_2_IRQHandler                        0x0800015f   Thumb Code     0  startup_stm32f10x_hd.o(.text)
    ADC3_IRQHandler                          0x0800015f   Thumb Code     0  startup_stm32f10x_hd.o(.text)
    CAN1_RX1_IRQHandler                      0x0800015f   Thumb Code     0  startup_stm32f10x_hd.o(.text)
    CAN1_SCE_IRQHandler                      0x0800015f   Thumb Code     0  startup_stm32f10x_hd.o(.text)
    DMA1_Channel1_IRQHandler                 0x0800015f   Thumb Code     0  startup_stm32f10x_hd.o(.text)
    DMA1_Channel2_IRQHandler                 0x0800015f   Thumb Code     0  startup_stm32f10x_hd.o(.text)
    DMA1_Channel3_IRQHandler                 0x0800015f   Thumb Code     0  startup_stm32f10x_hd.o(.text)
    DMA1_Channel4_IRQHandler                 0x0800015f   Thumb Code     0  startup_stm32f10x_hd.o(.text)
    DMA1_Channel5_IRQHandler                 0x0800015f   Thumb Code     0  startup_stm32f10x_hd.o(.text)
    DMA1_Channel6_IRQHandler                 0x0800015f   Thumb Code     0  startup_stm32f10x_hd.o(.text)
    DMA1_Channel7_IRQHandler                 0x0800015f   Thumb Code     0  startup_stm32f10x_hd.o(.text)
    DMA2_Channel1_IRQHandler                 0x0800015f   Thumb Code     0  startup_stm32f10x_hd.o(.text)
    DMA2_Channel2_IRQHandler                 0x0800015f   Thumb Code     0  startup_stm32f10x_hd.o(.text)
    DMA2_Channel3_IRQHandler                 0x0800015f   Thumb Code     0  startup_stm32f10x_hd.o(.text)
    DMA2_Channel4_5_IRQHandler               0x0800015f   Thumb Code     0  startup_stm32f10x_hd.o(.text)
    EXTI0_IRQHandler                         0x0800015f   Thumb Code     0  startup_stm32f10x_hd.o(.text)
    EXTI15_10_IRQHandler                     0x0800015f   Thumb Code     0  startup_stm32f10x_hd.o(.text)
    EXTI1_IRQHandler                         0x0800015f   Thumb Code     0  startup_stm32f10x_hd.o(.text)
    EXTI2_IRQHandler                         0x0800015f   Thumb Code     0  startup_stm32f10x_hd.o(.text)
    EXTI3_IRQHandler                         0x0800015f   Thumb Code     0  startup_stm32f10x_hd.o(.text)
    EXTI4_IRQHandler                         0x0800015f   Thumb Code     0  startup_stm32f10x_hd.o(.text)
    EXTI9_5_IRQHandler                       0x0800015f   Thumb Code     0  startup_stm32f10x_hd.o(.text)
    FLASH_IRQHandler                         0x0800015f   Thumb Code     0  startup_stm32f10x_hd.o(.text)
    FSMC_IRQHandler                          0x0800015f   Thumb Code     0  startup_stm32f10x_hd.o(.text)
    I2C1_ER_IRQHandler                       0x0800015f   Thumb Code     0  startup_stm32f10x_hd.o(.text)
    I2C1_EV_IRQHandler                       0x0800015f   Thumb Code     0  startup_stm32f10x_hd.o(.text)
    I2C2_ER_IRQHandler                       0x0800015f   Thumb Code     0  startup_stm32f10x_hd.o(.text)
    I2C2_EV_IRQHandler                       0x0800015f   Thumb Code     0  startup_stm32f10x_hd.o(.text)
    PVD_IRQHandler                           0x0800015f   Thumb Code     0  startup_stm32f10x_hd.o(.text)
    RCC_IRQHandler                           0x0800015f   Thumb Code     0  startup_stm32f10x_hd.o(.text)
    RTCAlarm_IRQHandler                      0x0800015f   Thumb Code     0  startup_stm32f10x_hd.o(.text)
    RTC_IRQHandler                           0x0800015f   Thumb Code     0  startup_stm32f10x_hd.o(.text)
    SDIO_IRQHandler                          0x0800015f   Thumb Code     0  startup_stm32f10x_hd.o(.text)
    SPI1_IRQHandler                          0x0800015f   Thumb Code     0  startup_stm32f10x_hd.o(.text)
    SPI2_IRQHandler                          0x0800015f   Thumb Code     0  startup_stm32f10x_hd.o(.text)
    SPI3_IRQHandler                          0x0800015f   Thumb Code     0  startup_stm32f10x_hd.o(.text)
    TAMPER_IRQHandler                        0x0800015f   Thumb Code     0  startup_stm32f10x_hd.o(.text)
    TIM1_BRK_IRQHandler                      0x0800015f   Thumb Code     0  startup_stm32f10x_hd.o(.text)
    TIM1_CC_IRQHandler                       0x0800015f   Thumb Code     0  startup_stm32f10x_hd.o(.text)
    TIM1_TRG_COM_IRQHandler                  0x0800015f   Thumb Code     0  startup_stm32f10x_hd.o(.text)
    TIM1_UP_IRQHandler                       0x0800015f   Thumb Code     0  startup_stm32f10x_hd.o(.text)
    TIM2_IRQHandler                          0x0800015f   Thumb Code     0  startup_stm32f10x_hd.o(.text)
    TIM3_IRQHandler                          0x0800015f   Thumb Code     0  startup_stm32f10x_hd.o(.text)
    TIM4_IRQHandler                          0x0800015f   Thumb Code     0  startup_stm32f10x_hd.o(.text)
    TIM5_IRQHandler                          0x0800015f   Thumb Code     0  startup_stm32f10x_hd.o(.text)
    TIM8_BRK_IRQHandler                      0x0800015f   Thumb Code     0  startup_stm32f10x_hd.o(.text)
    TIM8_CC_IRQHandler                       0x0800015f   Thumb Code     0  startup_stm32f10x_hd.o(.text)
    TIM8_TRG_COM_IRQHandler                  0x0800015f   Thumb Code     0  startup_stm32f10x_hd.o(.text)
    TIM8_UP_IRQHandler                       0x0800015f   Thumb Code     0  startup_stm32f10x_hd.o(.text)
    UART4_IRQHandler                         0x0800015f   Thumb Code     0  startup_stm32f10x_hd.o(.text)
    UART5_IRQHandler                         0x0800015f   Thumb Code     0  startup_stm32f10x_hd.o(.text)
    USART3_IRQHandler                        0x0800015f   Thumb Code     0  startup_stm32f10x_hd.o(.text)
    USBWakeUp_IRQHandler                     0x0800015f   Thumb Code     0  startup_stm32f10x_hd.o(.text)
    USB_HP_CAN1_TX_IRQHandler                0x0800015f   Thumb Code     0  startup_stm32f10x_hd.o(.text)
    USB_LP_CAN1_RX0_IRQHandler               0x0800015f   Thumb Code     0  startup_stm32f10x_hd.o(.text)
    WWDG_IRQHandler                          0x0800015f   Thumb Code     0  startup_stm32f10x_hd.o(.text)
    __aeabi_memcpy                           0x08000169   Thumb Code    36  memcpya.o(.text)
    __aeabi_memcpy4                          0x08000169   Thumb Code     0  memcpya.o(.text)
    __aeabi_memcpy8                          0x08000169   Thumb Code     0  memcpya.o(.text)
    __aeabi_fadd                             0x0800018d   Thumb Code   164  fadd.o(.text)
    __aeabi_fsub                             0x08000231   Thumb Code     6  fadd.o(.text)
    __aeabi_frsub                            0x08000237   Thumb Code     6  fadd.o(.text)
    __aeabi_fmul                             0x0800023d   Thumb Code   100  fmul.o(.text)
    __aeabi_fdiv                             0x080002a1   Thumb Code   124  fdiv.o(.text)
    __aeabi_dadd                             0x0800031d   Thumb Code   322  dadd.o(.text)
    __aeabi_dsub                             0x0800045f   Thumb Code     6  dadd.o(.text)
    __aeabi_drsub                            0x08000465   Thumb Code     6  dadd.o(.text)
    __aeabi_dmul                             0x0800046b   Thumb Code   228  dmul.o(.text)
    __aeabi_ui2f                             0x0800054f   Thumb Code    10  ffltui.o(.text)
    __aeabi_i2d                              0x08000559   Thumb Code    34  dflti.o(.text)
    __aeabi_ui2d                             0x0800057b   Thumb Code    26  dfltui.o(.text)
    __aeabi_f2uiz                            0x08000595   Thumb Code    40  ffixui.o(.text)
    __aeabi_d2uiz                            0x080005bd   Thumb Code    50  dfixui.o(.text)
    __aeabi_f2d                              0x080005ef   Thumb Code    38  f2d.o(.text)
    __aeabi_d2f                              0x08000615   Thumb Code    56  d2f.o(.text)
    __aeabi_llsl                             0x0800064d   Thumb Code    30  llshl.o(.text)
    _ll_shift_l                              0x0800064d   Thumb Code     0  llshl.o(.text)
    __aeabi_llsr                             0x0800066b   Thumb Code    32  llushr.o(.text)
    _ll_ushift_r                             0x0800066b   Thumb Code     0  llushr.o(.text)
    __aeabi_lasr                             0x0800068b   Thumb Code    36  llsshr.o(.text)
    _ll_sshift_r                             0x0800068b   Thumb Code     0  llsshr.o(.text)
    __I$use$fp                               0x080006af   Thumb Code     0  iusefp.o(.text)
    _float_round                             0x080006af   Thumb Code    18  fepilogue.o(.text)
    _float_epilogue                          0x080006c1   Thumb Code    92  fepilogue.o(.text)
    _double_round                            0x0800071d   Thumb Code    30  depilogue.o(.text)
    _double_epilogue                         0x0800073b   Thumb Code   156  depilogue.o(.text)
    __aeabi_ddiv                             0x080007d7   Thumb Code   222  ddiv.o(.text)
    __ARM_scalbn                             0x080008b5   Thumb Code    46  dscalb.o(.text)
    scalbn                                   0x080008b5   Thumb Code     0  dscalb.o(.text)
    _dsqrt                                   0x080008e3   Thumb Code   162  dsqrt.o(.text)
    __aeabi_cdrcmple                         0x08000985   Thumb Code    48  cdrcmple.o(.text)
    __scatterload                            0x080009b5   Thumb Code    28  init.o(.text)
    __scatterload_rt2                        0x080009b5   Thumb Code     0  init.o(.text)
    AD9834_Init                              0x080009d9   Thumb Code    46  ad9834.o(i.AD9834_Init)
    AD9834_SelectWave                        0x08000a09   Thumb Code    52  ad9834.o(i.AD9834_SelectWave)
    AD9834_SetFreq                           0x08000a41   Thumb Code    14  ad9834.o(i.AD9834_SetFreq)
    AddSpecToStore                           0x08000b15   Thumb Code    32  wave.o(i.AddSpecToStore)
    AddWaveToStore                           0x08000b35   Thumb Code    32  wave.o(i.AddWaveToStore)
    All_Init                                 0x08000b55   Thumb Code    50  wave.o(i.All_Init)
    All_Update                               0x08000b91   Thumb Code    80  wave.o(i.All_Update)
    BusFault_Handler                         0x08000bf1   Thumb Code     4  stm32f10x_it.o(i.BusFault_Handler)
    DAC0832_SetPKPK                          0x08000bf5   Thumb Code     2  wave.o(i.DAC0832_SetPKPK)
    DebugMon_Handler                         0x08000bf7   Thumb Code     2  stm32f10x_it.o(i.DebugMon_Handler)
    DisplayMarkUpdate                        0x08000bf9   Thumb Code    50  wave.o(i.DisplayMarkUpdate)
    Display_Update                           0x08000c39   Thumb Code   110  wave.o(i.Display_Update)
    EEPROMToWave                             0x08000ca9   Thumb Code    98  wave.o(i.EEPROMToWave)
    EEPROM_Download                          0x08000d11   Thumb Code    22  eeprom.o(i.EEPROM_Download)
    EEPROM_Init                              0x08000d2d   Thumb Code    20  eeprom.o(i.EEPROM_Init)
    EEPROM_Upload                            0x08000f19   Thumb Code    22  eeprom.o(i.EEPROM_Upload)
    Form_Last                                0x08001221   Thumb Code    42  wave.o(i.Form_Last)
    Form_Next                                0x0800124b   Thumb Code    42  wave.o(i.Form_Next)
    GPIO_Init                                0x0800138d   Thumb Code   278  stm32f10x_gpio.o(i.GPIO_Init)
    GPIO_ReadInputDataBit                    0x080014a3   Thumb Code    18  stm32f10x_gpio.o(i.GPIO_ReadInputDataBit)
    GPIO_ResetBits                           0x080014b5   Thumb Code     4  stm32f10x_gpio.o(i.GPIO_ResetBits)
    GPIO_SetBits                             0x080014b9   Thumb Code     4  stm32f10x_gpio.o(i.GPIO_SetBits)
    GotoWaveStore                            0x080014bd   Thumb Code   162  wave.o(i.GotoWaveStore)
    HardFault_Handler                        0x0800156d   Thumb Code     4  stm32f10x_it.o(i.HardFault_Handler)
    I2C_AcknowledgeConfig                    0x08001571   Thumb Code    24  stm32f10x_i2c.o(i.I2C_AcknowledgeConfig)
    I2C_CheckEvent                           0x08001589   Thumb Code    42  stm32f10x_i2c.o(i.I2C_CheckEvent)
    I2C_ClearFlag                            0x080015b3   Thumb Code    12  stm32f10x_i2c.o(i.I2C_ClearFlag)
    I2C_Cmd                                  0x080015bf   Thumb Code    24  stm32f10x_i2c.o(i.I2C_Cmd)
    I2C_GenerateSTART                        0x080016bd   Thumb Code    24  stm32f10x_i2c.o(i.I2C_GenerateSTART)
    I2C_GenerateSTOP                         0x080016d5   Thumb Code    24  stm32f10x_i2c.o(i.I2C_GenerateSTOP)
    I2C_GetFlagStatus                        0x080016ed   Thumb Code    58  stm32f10x_i2c.o(i.I2C_GetFlagStatus)
    I2C_Init                                 0x08001729   Thumb Code   222  stm32f10x_i2c.o(i.I2C_Init)
    I2C_ReadRegister                         0x08001815   Thumb Code    22  stm32f10x_i2c.o(i.I2C_ReadRegister)
    I2C_ReceiveData                          0x0800182b   Thumb Code     8  stm32f10x_i2c.o(i.I2C_ReceiveData)
    I2C_Send7bitAddress                      0x08001833   Thumb Code    18  stm32f10x_i2c.o(i.I2C_Send7bitAddress)
    I2C_SendData                             0x08001845   Thumb Code     4  stm32f10x_i2c.o(i.I2C_SendData)
    InputFreq                                0x08001849   Thumb Code   222  wave.o(i.InputFreq)
    InputPkPk                                0x08001939   Thumb Code   222  wave.o(i.InputPkPk)
    Juchi                                    0x08001a29   Thumb Code    24  main.o(i.Juchi)
    KeyBoard_Init                            0x08001a41   Thumb Code    22  keyboard.o(i.KeyBoard_Init)
    KeyBoard_Scan                            0x08001a59   Thumb Code    40  keyboard.o(i.KeyBoard_Scan)
    KeyBoard_Value                           0x08001a85   Thumb Code   300  keyboard.o(i.KeyBoard_Value)
    KeyFunc_Init                             0x08001bc5   Thumb Code    38  main.o(i.KeyFunc_Init)
    LongToString                             0x08001bf1   Thumb Code    82  mymath.o(i.LongToString)
    M                                        0x08001c4d   Thumb Code   228  main.o(i.M)
    MCP4725_DrawHeart                        0x08001d31   Thumb Code    78  main.o(i.MCP4725_DrawHeart)
    MCP4725_Init                             0x08001ebd   Thumb Code    12  mcp4725.o(i.MCP4725_Init)
    MCP4725_None                             0x08001ec9   Thumb Code     2  mcp4725.o(i.MCP4725_None)
    MCP4725_WriteDigital                     0x08001ecd   Thumb Code   324  mcp4725.o(i.MCP4725_WriteDigital)
    MemManage_Handler                        0x08002021   Thumb Code     4  stm32f10x_it.o(i.MemManage_Handler)
    NMI_Handler                              0x08002025   Thumb Code     2  stm32f10x_it.o(i.NMI_Handler)
    OLED_Cls                                 0x08002027   Thumb Code    10  oled.o(i.OLED_Cls)
    OLED_Init                                0x0800206b   Thumb Code   192  oled.o(i.OLED_Init)
    OLED_ShowChar                            0x08002155   Thumb Code    68  oled.o(i.OLED_ShowChar)
    OLED_ShowString                          0x0800219d   Thumb Code    38  oled.o(i.OLED_ShowString)
    Para_Init                                0x08002331   Thumb Code   210  main.o(i.Para_Init)
    PendSV_Handler                           0x08002499   Thumb Code     2  stm32f10x_it.o(i.PendSV_Handler)
    PkPk_Update                              0x0800249d   Thumb Code   100  wave.o(i.PkPk_Update)
    RCC_APB1PeriphClockCmd                   0x0800250d   Thumb Code    26  stm32f10x_rcc.o(i.RCC_APB1PeriphClockCmd)
    RCC_APB2PeriphClockCmd                   0x0800252d   Thumb Code    26  stm32f10x_rcc.o(i.RCC_APB2PeriphClockCmd)
    RCC_GetClocksFreq                        0x0800254d   Thumb Code   192  stm32f10x_rcc.o(i.RCC_GetClocksFreq)
    Relay_Init                               0x08002621   Thumb Code    44  relay.o(i.Relay_Init)
    Relay_SelectWave                         0x08002651   Thumb Code    44  relay.o(i.Relay_SelectWave)
    SVC_Handler                              0x08002681   Thumb Code     2  stm32f10x_it.o(i.SVC_Handler)
    SectionToDisplay                         0x08002683   Thumb Code     6  wave.o(i.SectionToDisplay)
    SelectSpecFromStore                      0x08002689   Thumb Code    70  wave.o(i.SelectSpecFromStore)
    Shanpo                                   0x080027b9   Thumb Code   126  main.o(i.Shanpo)
    SpecTime                                 0x08002841   Thumb Code    24  wave.o(i.SpecTime)
    SpecToDisplay                            0x08002859   Thumb Code     8  wave.o(i.SpecToDisplay)
    StringToString6                          0x08002861   Thumb Code    42  mymath.o(i.StringToString6)
    SysTick_DelayMs                          0x080028e1   Thumb Code    66  systick.o(i.SysTick_DelayMs)
    SysTick_Handler                          0x08002929   Thumb Code     2  stm32f10x_it.o(i.SysTick_Handler)
    SysTick_Init                             0x0800292d   Thumb Code    28  systick.o(i.SysTick_Init)
    SystemInit                               0x08002951   Thumb Code    78  system_stm32f10x.o(i.SystemInit)
    TIM6_IRQHandler                          0x080029b1   Thumb Code     2  stm32f10x_it.o(i.TIM6_IRQHandler)
    TIM7_IRQHandler                          0x080029b3   Thumb Code     2  stm32f10x_it.o(i.TIM7_IRQHandler)
    U32ToString                              0x080029b5   Thumb Code    78  mymath.o(i.U32ToString)
    U8ArrayToUi32                            0x08002a0d   Thumb Code    40  mymath.o(i.U8ArrayToUi32)
    U8ArrayToUl64                            0x08002a35   Thumb Code    40  mymath.o(i.U8ArrayToUl64)
    USART1_IRQHandler                        0x08002a5d   Thumb Code     2  stm32f10x_it.o(i.USART1_IRQHandler)
    USART2_IRQHandler                        0x08002a5f   Thumb Code     2  stm32f10x_it.o(i.USART2_IRQHandler)
    Ui32ToU8Array                            0x08002a61   Thumb Code    44  mymath.o(i.Ui32ToU8Array)
    Ul64ToU8Array                            0x08002a8d   Thumb Code    44  mymath.o(i.Ul64ToU8Array)
    UsageFault_Handler                       0x08002ab9   Thumb Code     4  stm32f10x_it.o(i.UsageFault_Handler)
    WaveToDisPlay                            0x08002abd   Thumb Code    48  wave.o(i.WaveToDisPlay)
    WaveToEEPROM                             0x08002aed   Thumb Code   108  wave.o(i.WaveToEEPROM)
    Wave_Update                              0x08002b5d   Thumb Code    26  wave.o(i.Wave_Update)
    WaveformToString                         0x08002b79   Thumb Code    36  wave.o(i.WaveformToString)
    Xing                                     0x08002ba9   Thumb Code   270  main.o(i.Xing)
    Xingyo                                   0x08002cc1   Thumb Code   270  main.o(i.Xingyo)
    __ARM_fpclassify                         0x08002ddd   Thumb Code    40  fpclassify.o(i.__ARM_fpclassify)
    __kernel_poly                            0x08002e05   Thumb Code   170  poly.o(i.__kernel_poly)
    __mathlib_dbl_divzero                    0x08002eb1   Thumb Code    12  dunder.o(i.__mathlib_dbl_divzero)
    __mathlib_dbl_infnan2                    0x08002ec1   Thumb Code     4  dunder.o(i.__mathlib_dbl_infnan2)
    __mathlib_dbl_invalid                    0x08002ec5   Thumb Code    12  dunder.o(i.__mathlib_dbl_invalid)
    __mathlib_dbl_overflow                   0x08002ed1   Thumb Code    14  dunder.o(i.__mathlib_dbl_overflow)
    __mathlib_dbl_underflow                  0x08002ee1   Thumb Code    10  dunder.o(i.__mathlib_dbl_underflow)
    __scatterload_copy                       0x08002ef1   Thumb Code    14  handlers.o(i.__scatterload_copy)
    __scatterload_null                       0x08002eff   Thumb Code     2  handlers.o(i.__scatterload_null)
    __scatterload_zeroinit                   0x08002f01   Thumb Code    14  handlers.o(i.__scatterload_zeroinit)
    __set_errno                              0x08002f11   Thumb Code     6  errno.o(i.__set_errno)
    main                                     0x08002f1d   Thumb Code   642  main.o(i.main)
    pow                                      0x080031bd   Thumb Code  2512  pow.o(i.pow)
    sqrt                                     0x08003b95   Thumb Code    76  sqrt.o(i.sqrt)
    OLED_F6x8                                0x08003be0   Data         552  oled.o(.constdata)
    __mathlib_zero                           0x08003e90   Data           8  qnan.o(.constdata)
    Region$$Table$$Base                      0x08003ebc   Number         0  anon$$obj.o(Region$$Table)
    Region$$Table$$Limit                     0x08003edc   Number         0  anon$$obj.o(Region$$Table)
    SystemCoreClock                          0x20000000   Data           4  system_stm32f10x.o(.data)
    AHBPrescTable                            0x20000004   Data          16  system_stm32f10x.o(.data)
    section                                  0x20000074   Data           1  wave.o(.data)
    EEPROM_Buffer                            0x20000088   Data         256  eeprom.o(.bss)
    wave                                     0x200001ac   Data          12  wave.o(.bss)
    display                                  0x200001b8   Data          52  wave.o(.bss)
    wavestore                                0x200001ec   Data         124  wave.o(.bss)
    spec                                     0x20000268   Data          12  wave.o(.bss)
    specstore                                0x20000274   Data         124  wave.o(.bss)
    keyfunc                                  0x200002f0   Data          10  wave.o(.bss)
    __initial_sp                             0x20000700   Data           0  startup_stm32f10x_hd.o(STACK)



==============================================================================

Memory Map of the image

  Image Entry point : 0x08000131

  Load Region LR_IROM1 (Base: 0x08000000, Size: 0x00003f64, Max: 0x00080000, ABSOLUTE)

    Execution Region ER_IROM1 (Exec base: 0x08000000, Load base: 0x08000000, Size: 0x00003edc, Max: 0x00080000, ABSOLUTE)

    Exec Addr    Load Addr    Size         Type   Attr      Idx    E Section Name        Object

    0x08000000   0x08000000   0x00000130   Data   RO            3    RESET               startup_stm32f10x_hd.o
    0x08000130   0x08000130   0x00000000   Code   RO         3820  * .ARM.Collect$$$$00000000  mc_w.l(entry.o)
    0x08000130   0x08000130   0x00000004   Code   RO         3870    .ARM.Collect$$$$00000001  mc_w.l(entry2.o)
    0x08000134   0x08000134   0x00000004   Code   RO         3873    .ARM.Collect$$$$00000004  mc_w.l(entry5.o)
    0x08000138   0x08000138   0x00000000   Code   RO         3875    .ARM.Collect$$$$00000008  mc_w.l(entry7b.o)
    0x08000138   0x08000138   0x00000000   Code   RO         3877    .ARM.Collect$$$$0000000A  mc_w.l(entry8b.o)
    0x08000138   0x08000138   0x00000008   Code   RO         3878    .ARM.Collect$$$$0000000B  mc_w.l(entry9a.o)
    0x08000140   0x08000140   0x00000000   Code   RO         3880    .ARM.Collect$$$$0000000D  mc_w.l(entry10a.o)
    0x08000140   0x08000140   0x00000000   Code   RO         3882    .ARM.Collect$$$$0000000F  mc_w.l(entry11a.o)
    0x08000140   0x08000140   0x00000004   Code   RO         3871    .ARM.Collect$$$$00002712  mc_w.l(entry2.o)
    0x08000144   0x08000144   0x00000024   Code   RO            4    .text               startup_stm32f10x_hd.o
    0x08000168   0x08000168   0x00000024   Code   RO         3823    .text               mc_w.l(memcpya.o)
    0x0800018c   0x0800018c   0x000000b0   Code   RO         3827    .text               mf_w.l(fadd.o)
    0x0800023c   0x0800023c   0x00000064   Code   RO         3829    .text               mf_w.l(fmul.o)
    0x080002a0   0x080002a0   0x0000007c   Code   RO         3831    .text               mf_w.l(fdiv.o)
    0x0800031c   0x0800031c   0x0000014e   Code   RO         3833    .text               mf_w.l(dadd.o)
    0x0800046a   0x0800046a   0x000000e4   Code   RO         3835    .text               mf_w.l(dmul.o)
    0x0800054e   0x0800054e   0x0000000a   Code   RO         3837    .text               mf_w.l(ffltui.o)
    0x08000558   0x08000558   0x00000022   Code   RO         3839    .text               mf_w.l(dflti.o)
    0x0800057a   0x0800057a   0x0000001a   Code   RO         3841    .text               mf_w.l(dfltui.o)
    0x08000594   0x08000594   0x00000028   Code   RO         3843    .text               mf_w.l(ffixui.o)
    0x080005bc   0x080005bc   0x00000032   Code   RO         3845    .text               mf_w.l(dfixui.o)
    0x080005ee   0x080005ee   0x00000026   Code   RO         3847    .text               mf_w.l(f2d.o)
    0x08000614   0x08000614   0x00000038   Code   RO         3849    .text               mf_w.l(d2f.o)
    0x0800064c   0x0800064c   0x0000001e   Code   RO         3884    .text               mc_w.l(llshl.o)
    0x0800066a   0x0800066a   0x00000020   Code   RO         3886    .text               mc_w.l(llushr.o)
    0x0800068a   0x0800068a   0x00000024   Code   RO         3888    .text               mc_w.l(llsshr.o)
    0x080006ae   0x080006ae   0x00000000   Code   RO         3897    .text               mc_w.l(iusefp.o)
    0x080006ae   0x080006ae   0x0000006e   Code   RO         3898    .text               mf_w.l(fepilogue.o)
    0x0800071c   0x0800071c   0x000000ba   Code   RO         3900    .text               mf_w.l(depilogue.o)
    0x080007d6   0x080007d6   0x000000de   Code   RO         3902    .text               mf_w.l(ddiv.o)
    0x080008b4   0x080008b4   0x0000002e   Code   RO         3904    .text               mf_w.l(dscalb.o)
    0x080008e2   0x080008e2   0x000000a2   Code   RO         3906    .text               mf_w.l(dsqrt.o)
    0x08000984   0x08000984   0x00000030   Code   RO         3910    .text               mf_w.l(cdrcmple.o)
    0x080009b4   0x080009b4   0x00000024   Code   RO         3912    .text               mc_w.l(init.o)
    0x080009d8   0x080009d8   0x0000002e   Code   RO         3550    i.AD9834_Init       ad9834.o
    0x08000a06   0x08000a06   0x00000002   PAD
    0x08000a08   0x08000a08   0x00000038   Code   RO         3551    i.AD9834_SelectWave  ad9834.o
    0x08000a40   0x08000a40   0x0000000e   Code   RO         3552    i.AD9834_SetFreq    ad9834.o
    0x08000a4e   0x08000a4e   0x00000002   PAD
    0x08000a50   0x08000a50   0x00000064   Code   RO         3553    i.AD9834_SetFreqN   ad9834.o
    0x08000ab4   0x08000ab4   0x00000060   Code   RO         3554    i.AD9834_Write16Bits  ad9834.o
    0x08000b14   0x08000b14   0x00000020   Code   RO         3656    i.AddSpecToStore    wave.o
    0x08000b34   0x08000b34   0x00000020   Code   RO         3657    i.AddWaveToStore    wave.o
    0x08000b54   0x08000b54   0x0000003c   Code   RO         3658    i.All_Init          wave.o
    0x08000b90   0x08000b90   0x00000060   Code   RO         3659    i.All_Update        wave.o
    0x08000bf0   0x08000bf0   0x00000004   Code   RO         3108    i.BusFault_Handler  stm32f10x_it.o
    0x08000bf4   0x08000bf4   0x00000002   Code   RO         3660    i.DAC0832_SetPKPK   wave.o
    0x08000bf6   0x08000bf6   0x00000002   Code   RO         3109    i.DebugMon_Handler  stm32f10x_it.o
    0x08000bf8   0x08000bf8   0x00000040   Code   RO         3661    i.DisplayMarkUpdate  wave.o
    0x08000c38   0x08000c38   0x0000006e   Code   RO         3662    i.Display_Update    wave.o
    0x08000ca6   0x08000ca6   0x00000002   PAD
    0x08000ca8   0x08000ca8   0x00000068   Code   RO         3663    i.EEPROMToWave      wave.o
    0x08000d10   0x08000d10   0x0000001c   Code   RO         3385    i.EEPROM_Download   eeprom.o
    0x08000d2c   0x08000d2c   0x00000014   Code   RO         3386    i.EEPROM_Init       eeprom.o
    0x08000d40   0x08000d40   0x000001d8   Code   RO         3387    i.EEPROM_ReadBuffer  eeprom.o
    0x08000f18   0x08000f18   0x0000001c   Code   RO         3388    i.EEPROM_Upload     eeprom.o
    0x08000f34   0x08000f34   0x00000074   Code   RO         3389    i.EEPROM_WaitEepromStandbyState  eeprom.o
    0x08000fa8   0x08000fa8   0x0000012a   Code   RO         3390    i.EEPROM_WriteBuffer  eeprom.o
    0x080010d2   0x080010d2   0x00000002   PAD
    0x080010d4   0x080010d4   0x0000014c   Code   RO         3391    i.EEPROM_WritePage  eeprom.o
    0x08001220   0x08001220   0x0000002a   Code   RO         3664    i.Form_Last         wave.o
    0x0800124a   0x0800124a   0x0000002a   Code   RO         3665    i.Form_Next         wave.o
    0x08001274   0x08001274   0x00000038   Code   RO         3301    i.GPIO_Config       oled.o
    0x080012ac   0x080012ac   0x00000038   Code   RO         3392    i.GPIO_Config       eeprom.o
    0x080012e4   0x080012e4   0x00000038   Code   RO         3479    i.GPIO_Config       mcp4725.o
    0x0800131c   0x0800131c   0x00000070   Code   RO         3555    i.GPIO_Config       ad9834.o
    0x0800138c   0x0800138c   0x00000116   Code   RO         1292    i.GPIO_Init         stm32f10x_gpio.o
    0x080014a2   0x080014a2   0x00000012   Code   RO         1296    i.GPIO_ReadInputDataBit  stm32f10x_gpio.o
    0x080014b4   0x080014b4   0x00000004   Code   RO         1299    i.GPIO_ResetBits    stm32f10x_gpio.o
    0x080014b8   0x080014b8   0x00000004   Code   RO         1300    i.GPIO_SetBits      stm32f10x_gpio.o
    0x080014bc   0x080014bc   0x000000b0   Code   RO         3666    i.GotoWaveStore     wave.o
    0x0800156c   0x0800156c   0x00000004   Code   RO         3110    i.HardFault_Handler  stm32f10x_it.o
    0x08001570   0x08001570   0x00000018   Code   RO         1401    i.I2C_AcknowledgeConfig  stm32f10x_i2c.o
    0x08001588   0x08001588   0x0000002a   Code   RO         1403    i.I2C_CheckEvent    stm32f10x_i2c.o
    0x080015b2   0x080015b2   0x0000000c   Code   RO         1404    i.I2C_ClearFlag     stm32f10x_i2c.o
    0x080015be   0x080015be   0x00000018   Code   RO         1406    i.I2C_Cmd           stm32f10x_i2c.o
    0x080015d6   0x080015d6   0x00000002   PAD
    0x080015d8   0x080015d8   0x0000004c   Code   RO         3302    i.I2C_Config        oled.o
    0x08001624   0x08001624   0x0000004c   Code   RO         3393    i.I2C_Config        eeprom.o
    0x08001670   0x08001670   0x0000004c   Code   RO         3480    i.I2C_Config        mcp4725.o
    0x080016bc   0x080016bc   0x00000018   Code   RO         1413    i.I2C_GenerateSTART  stm32f10x_i2c.o
    0x080016d4   0x080016d4   0x00000018   Code   RO         1414    i.I2C_GenerateSTOP  stm32f10x_i2c.o
    0x080016ec   0x080016ec   0x0000003a   Code   RO         1415    i.I2C_GetFlagStatus  stm32f10x_i2c.o
    0x08001726   0x08001726   0x00000002   PAD
    0x08001728   0x08001728   0x000000ec   Code   RO         1420    i.I2C_Init          stm32f10x_i2c.o
    0x08001814   0x08001814   0x00000016   Code   RO         1424    i.I2C_ReadRegister  stm32f10x_i2c.o
    0x0800182a   0x0800182a   0x00000008   Code   RO         1425    i.I2C_ReceiveData   stm32f10x_i2c.o
    0x08001832   0x08001832   0x00000012   Code   RO         1427    i.I2C_Send7bitAddress  stm32f10x_i2c.o
    0x08001844   0x08001844   0x00000004   Code   RO         1428    i.I2C_SendData      stm32f10x_i2c.o
    0x08001848   0x08001848   0x000000f0   Code   RO         3667    i.InputFreq         wave.o
    0x08001938   0x08001938   0x000000f0   Code   RO         3668    i.InputPkPk         wave.o
    0x08001a28   0x08001a28   0x00000018   Code   RO         3195    i.Juchi             main.o
    0x08001a40   0x08001a40   0x00000016   Code   RO         3521    i.KeyBoard_Init     keyboard.o
    0x08001a56   0x08001a56   0x00000002   PAD
    0x08001a58   0x08001a58   0x0000002c   Code   RO         3522    i.KeyBoard_Scan     keyboard.o
    0x08001a84   0x08001a84   0x00000140   Code   RO         3523    i.KeyBoard_Value    keyboard.o
    0x08001bc4   0x08001bc4   0x0000002c   Code   RO         3196    i.KeyFunc_Init      main.o
    0x08001bf0   0x08001bf0   0x0000005c   Code   RO         3607    i.LongToString      mymath.o
    0x08001c4c   0x08001c4c   0x000000e4   Code   RO         3197    i.M                 main.o
    0x08001d30   0x08001d30   0x0000004e   Code   RO         3198    i.MCP4725_DrawHeart  main.o
    0x08001d7e   0x08001d7e   0x00000002   PAD
    0x08001d80   0x08001d80   0x00000098   Code   RO         3199    i.MCP4725_DrawHeartDown  main.o
    0x08001e18   0x08001e18   0x000000a4   Code   RO         3200    i.MCP4725_DrawHeartUp  main.o
    0x08001ebc   0x08001ebc   0x0000000c   Code   RO         3482    i.MCP4725_Init      mcp4725.o
    0x08001ec8   0x08001ec8   0x00000002   Code   RO         3483    i.MCP4725_None      mcp4725.o
    0x08001eca   0x08001eca   0x00000002   PAD
    0x08001ecc   0x08001ecc   0x00000154   Code   RO         3484    i.MCP4725_WriteDigital  mcp4725.o
    0x08002020   0x08002020   0x00000004   Code   RO         3111    i.MemManage_Handler  stm32f10x_it.o
    0x08002024   0x08002024   0x00000002   Code   RO         3112    i.NMI_Handler       stm32f10x_it.o
    0x08002026   0x08002026   0x0000000a   Code   RO         3303    i.OLED_Cls          oled.o
    0x08002030   0x08002030   0x0000003a   Code   RO         3304    i.OLED_Fill         oled.o
    0x0800206a   0x0800206a   0x000000c0   Code   RO         3305    i.OLED_Init         oled.o
    0x0800212a   0x0800212a   0x00000028   Code   RO         3308    i.OLED_SetPos       oled.o
    0x08002152   0x08002152   0x00000002   PAD
    0x08002154   0x08002154   0x00000048   Code   RO         3309    i.OLED_ShowChar     oled.o
    0x0800219c   0x0800219c   0x00000026   Code   RO         3310    i.OLED_ShowString   oled.o
    0x080021c2   0x080021c2   0x00000002   PAD
    0x080021c4   0x080021c4   0x00000150   Code   RO         3311    i.OLED_WriteByte    oled.o
    0x08002314   0x08002314   0x0000000e   Code   RO         3312    i.OLED_WriteCmd     oled.o
    0x08002322   0x08002322   0x0000000e   Code   RO         3313    i.OLED_WriteDat     oled.o
    0x08002330   0x08002330   0x00000168   Code   RO         3201    i.Para_Init         main.o
    0x08002498   0x08002498   0x00000002   Code   RO         3113    i.PendSV_Handler    stm32f10x_it.o
    0x0800249a   0x0800249a   0x00000002   PAD
    0x0800249c   0x0800249c   0x00000070   Code   RO         3669    i.PkPk_Update       wave.o
    0x0800250c   0x0800250c   0x00000020   Code   RO         1708    i.RCC_APB1PeriphClockCmd  stm32f10x_rcc.o
    0x0800252c   0x0800252c   0x00000020   Code   RO         1710    i.RCC_APB2PeriphClockCmd  stm32f10x_rcc.o
    0x0800254c   0x0800254c   0x000000d4   Code   RO         1718    i.RCC_GetClocksFreq  stm32f10x_rcc.o
    0x08002620   0x08002620   0x00000030   Code   RO         3589    i.Relay_Init        relay.o
    0x08002650   0x08002650   0x00000030   Code   RO         3590    i.Relay_SelectWave  relay.o
    0x08002680   0x08002680   0x00000002   Code   RO         3114    i.SVC_Handler       stm32f10x_it.o
    0x08002682   0x08002682   0x00000006   Code   RO         3670    i.SectionToDisplay  wave.o
    0x08002688   0x08002688   0x00000046   Code   RO         3671    i.SelectSpecFromStore  wave.o
    0x080026ce   0x080026ce   0x00000008   Code   RO           24    i.SetSysClock       system_stm32f10x.o
    0x080026d6   0x080026d6   0x00000002   PAD
    0x080026d8   0x080026d8   0x000000e0   Code   RO           25    i.SetSysClockTo72   system_stm32f10x.o
    0x080027b8   0x080027b8   0x00000088   Code   RO         3202    i.Shanpo            main.o
    0x08002840   0x08002840   0x00000018   Code   RO         3672    i.SpecTime          wave.o
    0x08002858   0x08002858   0x00000008   Code   RO         3673    i.SpecToDisplay     wave.o
    0x08002860   0x08002860   0x0000002a   Code   RO         3608    i.StringToString6   mymath.o
    0x0800288a   0x0800288a   0x00000002   PAD
    0x0800288c   0x0800288c   0x00000054   Code   RO         3446    i.SysTick_Config    systick.o
    0x080028e0   0x080028e0   0x00000048   Code   RO         3447    i.SysTick_DelayMs   systick.o
    0x08002928   0x08002928   0x00000002   Code   RO         3115    i.SysTick_Handler   stm32f10x_it.o
    0x0800292a   0x0800292a   0x00000002   PAD
    0x0800292c   0x0800292c   0x00000024   Code   RO         3449    i.SysTick_Init      systick.o
    0x08002950   0x08002950   0x00000060   Code   RO           27    i.SystemInit        system_stm32f10x.o
    0x080029b0   0x080029b0   0x00000002   Code   RO         3116    i.TIM6_IRQHandler   stm32f10x_it.o
    0x080029b2   0x080029b2   0x00000002   Code   RO         3117    i.TIM7_IRQHandler   stm32f10x_it.o
    0x080029b4   0x080029b4   0x00000058   Code   RO         3609    i.U32ToString       mymath.o
    0x08002a0c   0x08002a0c   0x00000028   Code   RO         3610    i.U8ArrayToUi32     mymath.o
    0x08002a34   0x08002a34   0x00000028   Code   RO         3611    i.U8ArrayToUl64     mymath.o
    0x08002a5c   0x08002a5c   0x00000002   Code   RO         3118    i.USART1_IRQHandler  stm32f10x_it.o
    0x08002a5e   0x08002a5e   0x00000002   Code   RO         3119    i.USART2_IRQHandler  stm32f10x_it.o
    0x08002a60   0x08002a60   0x0000002c   Code   RO         3612    i.Ui32ToU8Array     mymath.o
    0x08002a8c   0x08002a8c   0x0000002c   Code   RO         3613    i.Ul64ToU8Array     mymath.o
    0x08002ab8   0x08002ab8   0x00000004   Code   RO         3120    i.UsageFault_Handler  stm32f10x_it.o
    0x08002abc   0x08002abc   0x00000030   Code   RO         3674    i.WaveToDisPlay     wave.o
    0x08002aec   0x08002aec   0x00000070   Code   RO         3675    i.WaveToEEPROM      wave.o
    0x08002b5c   0x08002b5c   0x0000001a   Code   RO         3676    i.Wave_Update       wave.o
    0x08002b76   0x08002b76   0x00000002   PAD
    0x08002b78   0x08002b78   0x00000030   Code   RO         3677    i.WaveformToString  wave.o
    0x08002ba8   0x08002ba8   0x00000118   Code   RO         3203    i.Xing              main.o
    0x08002cc0   0x08002cc0   0x0000011c   Code   RO         3204    i.Xingyo            main.o
    0x08002ddc   0x08002ddc   0x00000028   Code   RO         3865    i.__ARM_fpclassify  m_ws.l(fpclassify.o)
    0x08002e04   0x08002e04   0x000000aa   Code   RO         3867    i.__kernel_poly     m_ws.l(poly.o)
    0x08002eae   0x08002eae   0x00000002   PAD
    0x08002eb0   0x08002eb0   0x00000010   Code   RO         3851    i.__mathlib_dbl_divzero  m_ws.l(dunder.o)
    0x08002ec0   0x08002ec0   0x00000004   Code   RO         3853    i.__mathlib_dbl_infnan2  m_ws.l(dunder.o)
    0x08002ec4   0x08002ec4   0x0000000c   Code   RO         3854    i.__mathlib_dbl_invalid  m_ws.l(dunder.o)
    0x08002ed0   0x08002ed0   0x0000000e   Code   RO         3855    i.__mathlib_dbl_overflow  m_ws.l(dunder.o)
    0x08002ede   0x08002ede   0x00000002   PAD
    0x08002ee0   0x08002ee0   0x00000010   Code   RO         3857    i.__mathlib_dbl_underflow  m_ws.l(dunder.o)
    0x08002ef0   0x08002ef0   0x0000000e   Code   RO         3916    i.__scatterload_copy  mc_w.l(handlers.o)
    0x08002efe   0x08002efe   0x00000002   Code   RO         3917    i.__scatterload_null  mc_w.l(handlers.o)
    0x08002f00   0x08002f00   0x0000000e   Code   RO         3918    i.__scatterload_zeroinit  mc_w.l(handlers.o)
    0x08002f0e   0x08002f0e   0x00000002   PAD
    0x08002f10   0x08002f10   0x0000000c   Code   RO         3892    i.__set_errno       mc_w.l(errno.o)
    0x08002f1c   0x08002f1c   0x000002a0   Code   RO         3205    i.main              main.o
    0x080031bc   0x080031bc   0x000009d8   Code   RO         3803    i.pow               m_ws.l(pow.o)
    0x08003b94   0x08003b94   0x0000004c   Code   RO         3813    i.sqrt              m_ws.l(sqrt.o)
    0x08003be0   0x08003be0   0x00000228   Data   RO         3314    .constdata          oled.o
    0x08003e08   0x08003e08   0x00000088   Data   RO         3804    .constdata          m_ws.l(pow.o)
    0x08003e90   0x08003e90   0x00000008   Data   RO         3869    .constdata          m_ws.l(qnan.o)
    0x08003e98   0x08003e98   0x00000021   Data   RO         3679    .conststring        wave.o
    0x08003eb9   0x08003eb9   0x00000003   PAD
    0x08003ebc   0x08003ebc   0x00000020   Data   RO         3914    Region$$Table       anon$$obj.o


    Execution Region RW_IRAM1 (Exec base: 0x20000000, Load base: 0x08003edc, Size: 0x00000700, Max: 0x00010000, ABSOLUTE)

    Exec Addr    Load Addr    Size         Type   Attr      Idx    E Section Name        Object

    0x20000000   0x08003edc   0x00000014   Data   RW           28    .data               system_stm32f10x.o
    0x20000014   0x08003ef0   0x00000014   Data   RW         1738    .data               stm32f10x_rcc.o
    0x20000028   0x08003f04   0x00000002   Data   RW         3315    .data               oled.o
    0x2000002a   0x08003f06   0x00000002   Data   RW         3395    .data               eeprom.o
    0x2000002c   0x08003f08   0x00000002   Data   RW         3485    .data               mcp4725.o
    0x2000002e   0x08003f0a   0x00000002   PAD
    0x20000030   0x08003f0c   0x00000041   Data   RW         3524    .data               keyboard.o
    0x20000071   0x08003f4d   0x00000003   PAD
    0x20000074   0x08003f50   0x00000010   Data   RW         3680    .data               wave.o
    0x20000084   0x08003f60   0x00000004   Data   RW         3893    .data               mc_w.l(errno.o)
    0x20000088        -       0x00000100   Zero   RW         3394    .bss                eeprom.o
    0x20000188        -       0x00000021   Zero   RW         3614    .bss                mymath.o
    0x200001a9   0x08003f64   0x00000003   PAD
    0x200001ac        -       0x0000014e   Zero   RW         3678    .bss                wave.o
    0x200002fa   0x08003f64   0x00000006   PAD
    0x20000300        -       0x00000400   Zero   RW            1    STACK               startup_stm32f10x_hd.o


==============================================================================

Image component sizes


      Code (inc. data)   RO Data    RW Data    ZI Data      Debug   Object Name

       424         22          0          0          0       3243   ad9834.o
         0          0          0          0          0       4548   core_cm3.o
      1426         74          0          2        256       6216   eeprom.o
       386         24          0         65          0       2857   keyboard.o
      2422        248          0          0          0       8067   main.o
       486         30          0          2          0       3125   mcp4725.o
       390         20          0          0         33       4815   mymath.o
       906         36        552          2          0       6837   oled.o
        96          8          0          0          0        992   relay.o
        36          8        304          0       1024        856   startup_stm32f10x_hd.o
       304          0          0          0          0       3600   stm32f10x_gpio.o
       496         14          0          0          0       8739   stm32f10x_i2c.o
        34          0          0          0          0       5434   stm32f10x_it.o
       276         32          0         20          0       4370   stm32f10x_rcc.o
       328         28          0         20          0     230413   system_stm32f10x.o
       192         22          0          0          0      16956   systick.o
      1694        124         33         16        334      14718   wave.o

    ----------------------------------------------------------------------
      9928        690        924        132       1656     325786   Object Totals
         0          0         32          0          0          0   (incl. Generated)
        32          0          3          5          9          0   (incl. Padding)

    ----------------------------------------------------------------------

      Code (inc. data)   RO Data    RW Data    ZI Data      Debug   Library Member Name

        62         10          0          0          0        340   dunder.o
        40          0          0          0          0         68   fpclassify.o
       170          0          0          0          0         96   poly.o
      2520        190        136          0          0        324   pow.o
         0          0          8          0          0          0   qnan.o
        76          0          0          0          0         84   sqrt.o
         0          0          0          0          0          0   entry.o
         0          0          0          0          0          0   entry10a.o
         0          0          0          0          0          0   entry11a.o
         8          4          0          0          0          0   entry2.o
         4          0          0          0          0          0   entry5.o
         0          0          0          0          0          0   entry7b.o
         0          0          0          0          0          0   entry8b.o
         8          4          0          0          0          0   entry9a.o
        12          6          0          4          0         68   errno.o
        30          0          0          0          0          0   handlers.o
        36          8          0          0          0         68   init.o
         0          0          0          0          0          0   iusefp.o
        30          0          0          0          0         68   llshl.o
        36          0          0          0          0         68   llsshr.o
        32          0          0          0          0         68   llushr.o
        36          0          0          0          0         68   memcpya.o
        48          0          0          0          0         68   cdrcmple.o
        56          0          0          0          0         88   d2f.o
       334          0          0          0          0        148   dadd.o
       222          0          0          0          0        100   ddiv.o
       186          0          0          0          0        176   depilogue.o
        50          0          0          0          0         76   dfixui.o
        34          0          0          0          0         76   dflti.o
        26          0          0          0          0         76   dfltui.o
       228          0          0          0          0         96   dmul.o
        46          0          0          0          0         80   dscalb.o
       162          0          0          0          0        100   dsqrt.o
        38          0          0          0          0         68   f2d.o
       176          0          0          0          0        140   fadd.o
       124          0          0          0          0         88   fdiv.o
       110          0          0          0          0        168   fepilogue.o
        40          0          0          0          0         68   ffixui.o
        10          0          0          0          0         68   ffltui.o
       100          0          0          0          0         76   fmul.o

    ----------------------------------------------------------------------
      5096        222        144          4          0       3080   Library Totals
         6          0          0          0          0          0   (incl. Padding)

    ----------------------------------------------------------------------

      Code (inc. data)   RO Data    RW Data    ZI Data      Debug   Library Name

      2868        200        144          0          0        912   m_ws.l
       232         22          0          4          0        408   mc_w.l
      1990          0          0          0          0       1760   mf_w.l

    ----------------------------------------------------------------------
      5096        222        144          4          0       3080   Library Totals

    ----------------------------------------------------------------------

==============================================================================


      Code (inc. data)   RO Data    RW Data    ZI Data      Debug   

     15024        912       1068        136       1656     321738   Grand Totals
     15024        912       1068        136       1656     321738   ELF Image Totals
     15024        912       1068        136          0          0   ROM Totals

==============================================================================

    Total RO  Size (Code + RO Data)                16092 (  15.71kB)
    Total RW  Size (RW Data + ZI Data)              1792 (   1.75kB)
    Total ROM Size (Code + RO Data + RW Data)      16228 (  15.85kB)

==============================================================================

